<?xml version="1.0"?>
<link_info>
   <banner>MSP430 Linker PC v4.2.1</banner>
   <copyright>Copyright (c) 2003-2013 Texas Instruments Incorporated</copyright>
   <link_time>0x534af63e</link_time>
   <link_errors>0x0</link_errors>
   <output_file>guitar.out</output_file>
   <entry_point>
      <name>_c_int00</name>
      <address>0xa3b4</address>
   </entry_point>
   <input_file_list>
      <input_file id="fl-2">
         <path>.\</path>
         <kind>object</kind>
         <file>Guitar_Tuner.obj</file>
         <name>Guitar_Tuner.obj</name>
      </input_file>
      <input_file id="fl-1c">
         <path>C:\ti\ccsv5\tools\compiler\msp430_4.2.1\lib\</path>
         <kind>archive</kind>
         <file>rts430_eabi.lib</file>
         <name>addd.obj</name>
      </input_file>
      <input_file id="fl-1d">
         <path>C:\ti\ccsv5\tools\compiler\msp430_4.2.1\lib\</path>
         <kind>archive</kind>
         <file>rts430_eabi.lib</file>
         <name>asr16.obj</name>
      </input_file>
      <input_file id="fl-1e">
         <path>C:\ti\ccsv5\tools\compiler\msp430_4.2.1\lib\</path>
         <kind>archive</kind>
         <file>rts430_eabi.lib</file>
         <name>boot.obj</name>
      </input_file>
      <input_file id="fl-1f">
         <path>C:\ti\ccsv5\tools\compiler\msp430_4.2.1\lib\</path>
         <kind>archive</kind>
         <file>rts430_eabi.lib</file>
         <name>copy_decompress_none.obj</name>
      </input_file>
      <input_file id="fl-20">
         <path>C:\ti\ccsv5\tools\compiler\msp430_4.2.1\lib\</path>
         <kind>archive</kind>
         <file>rts430_eabi.lib</file>
         <name>copy_decompress_rle.obj</name>
      </input_file>
      <input_file id="fl-21">
         <path>C:\ti\ccsv5\tools\compiler\msp430_4.2.1\lib\</path>
         <kind>archive</kind>
         <file>rts430_eabi.lib</file>
         <name>copy_zero_init.obj</name>
      </input_file>
      <input_file id="fl-22">
         <path>C:\ti\ccsv5\tools\compiler\msp430_4.2.1\lib\</path>
         <kind>archive</kind>
         <file>rts430_eabi.lib</file>
         <name>cvtfd.obj</name>
      </input_file>
      <input_file id="fl-23">
         <path>C:\ti\ccsv5\tools\compiler\msp430_4.2.1\lib\</path>
         <kind>archive</kind>
         <file>rts430_eabi.lib</file>
         <name>div16s.obj</name>
      </input_file>
      <input_file id="fl-24">
         <path>C:\ti\ccsv5\tools\compiler\msp430_4.2.1\lib\</path>
         <kind>archive</kind>
         <file>rts430_eabi.lib</file>
         <name>div16u.obj</name>
      </input_file>
      <input_file id="fl-25">
         <path>C:\ti\ccsv5\tools\compiler\msp430_4.2.1\lib\</path>
         <kind>archive</kind>
         <file>rts430_eabi.lib</file>
         <name>epilog.obj</name>
      </input_file>
      <input_file id="fl-26">
         <path>C:\ti\ccsv5\tools\compiler\msp430_4.2.1\lib\</path>
         <kind>archive</kind>
         <file>rts430_eabi.lib</file>
         <name>exit.obj</name>
      </input_file>
      <input_file id="fl-27">
         <path>C:\ti\ccsv5\tools\compiler\msp430_4.2.1\lib\</path>
         <kind>archive</kind>
         <file>rts430_eabi.lib</file>
         <name>fixdi.obj</name>
      </input_file>
      <input_file id="fl-28">
         <path>C:\ti\ccsv5\tools\compiler\msp430_4.2.1\lib\</path>
         <kind>archive</kind>
         <file>rts430_eabi.lib</file>
         <name>fixdli.obj</name>
      </input_file>
      <input_file id="fl-29">
         <path>C:\ti\ccsv5\tools\compiler\msp430_4.2.1\lib\</path>
         <kind>archive</kind>
         <file>rts430_eabi.lib</file>
         <name>frcaddd.obj</name>
      </input_file>
      <input_file id="fl-2a">
         <path>C:\ti\ccsv5\tools\compiler\msp430_4.2.1\lib\</path>
         <kind>archive</kind>
         <file>rts430_eabi.lib</file>
         <name>fs_itof.obj</name>
      </input_file>
      <input_file id="fl-2b">
         <path>C:\ti\ccsv5\tools\compiler\msp430_4.2.1\lib\</path>
         <kind>archive</kind>
         <file>rts430_eabi.lib</file>
         <name>fs_mpy.obj</name>
      </input_file>
      <input_file id="fl-2c">
         <path>C:\ti\ccsv5\tools\compiler\msp430_4.2.1\lib\</path>
         <kind>archive</kind>
         <file>rts430_eabi.lib</file>
         <name>int03.obj</name>
      </input_file>
      <input_file id="fl-2d">
         <path>C:\ti\ccsv5\tools\compiler\msp430_4.2.1\lib\</path>
         <kind>archive</kind>
         <file>rts430_eabi.lib</file>
         <name>int06.obj</name>
      </input_file>
      <input_file id="fl-2e">
         <path>C:\ti\ccsv5\tools\compiler\msp430_4.2.1\lib\</path>
         <kind>archive</kind>
         <file>rts430_eabi.lib</file>
         <name>int07.obj</name>
      </input_file>
      <input_file id="fl-2f">
         <path>C:\ti\ccsv5\tools\compiler\msp430_4.2.1\lib\</path>
         <kind>archive</kind>
         <file>rts430_eabi.lib</file>
         <name>int08.obj</name>
      </input_file>
      <input_file id="fl-30">
         <path>C:\ti\ccsv5\tools\compiler\msp430_4.2.1\lib\</path>
         <kind>archive</kind>
         <file>rts430_eabi.lib</file>
         <name>int10.obj</name>
      </input_file>
      <input_file id="fl-31">
         <path>C:\ti\ccsv5\tools\compiler\msp430_4.2.1\lib\</path>
         <kind>archive</kind>
         <file>rts430_eabi.lib</file>
         <name>int12.obj</name>
      </input_file>
      <input_file id="fl-32">
         <path>C:\ti\ccsv5\tools\compiler\msp430_4.2.1\lib\</path>
         <kind>archive</kind>
         <file>rts430_eabi.lib</file>
         <name>int14.obj</name>
      </input_file>
      <input_file id="fl-33">
         <path>C:\ti\ccsv5\tools\compiler\msp430_4.2.1\lib\</path>
         <kind>archive</kind>
         <file>rts430_eabi.lib</file>
         <name>isr_trap.obj</name>
      </input_file>
      <input_file id="fl-34">
         <path>C:\ti\ccsv5\tools\compiler\msp430_4.2.1\lib\</path>
         <kind>archive</kind>
         <file>rts430_eabi.lib</file>
         <name>lsl16.obj</name>
      </input_file>
      <input_file id="fl-35">
         <path>C:\ti\ccsv5\tools\compiler\msp430_4.2.1\lib\</path>
         <kind>archive</kind>
         <file>rts430_eabi.lib</file>
         <name>lsl32.obj</name>
      </input_file>
      <input_file id="fl-36">
         <path>C:\ti\ccsv5\tools\compiler\msp430_4.2.1\lib\</path>
         <kind>archive</kind>
         <file>rts430_eabi.lib</file>
         <name>lsr16.obj</name>
      </input_file>
      <input_file id="fl-37">
         <path>C:\ti\ccsv5\tools\compiler\msp430_4.2.1\lib\</path>
         <kind>archive</kind>
         <file>rts430_eabi.lib</file>
         <name>lsr32.obj</name>
      </input_file>
      <input_file id="fl-38">
         <path>C:\ti\ccsv5\tools\compiler\msp430_4.2.1\lib\</path>
         <kind>archive</kind>
         <file>rts430_eabi.lib</file>
         <name>memcpy.obj</name>
      </input_file>
      <input_file id="fl-39">
         <path>C:\ti\ccsv5\tools\compiler\msp430_4.2.1\lib\</path>
         <kind>archive</kind>
         <file>rts430_eabi.lib</file>
         <name>mpyd.obj</name>
      </input_file>
      <input_file id="fl-3a">
         <path>C:\ti\ccsv5\tools\compiler\msp430_4.2.1\lib\</path>
         <kind>archive</kind>
         <file>rts430_eabi.lib</file>
         <name>pre_init.obj</name>
      </input_file>
      <input_file id="fl-3b">
         <path>C:\ti\ccsv5\tools\compiler\msp430_4.2.1\lib\</path>
         <kind>archive</kind>
         <file>rts430_eabi.lib</file>
         <name>renormd.obj</name>
      </input_file>
      <input_file id="fl-3c">
         <path>C:\ti\ccsv5\tools\compiler\msp430_4.2.1\lib\</path>
         <kind>archive</kind>
         <file>rts430_eabi.lib</file>
         <name>sin.obj</name>
      </input_file>
      <input_file id="fl-3d">
         <path>C:\ti\ccsv5\tools\compiler\msp430_4.2.1\lib\</path>
         <kind>archive</kind>
         <file>rts430_eabi.lib</file>
         <name>xsin.obj</name>
      </input_file>
      <input_file id="fl-3e">
         <path>C:\ti\ccsv5\tools\compiler\msp430_4.2.1\lib\</path>
         <kind>archive</kind>
         <file>rts430_eabi.lib</file>
         <name>xvalues.obj</name>
      </input_file>
      <input_file id="fl-3f">
         <path>C:\ti\ccsv5\tools\compiler\msp430_4.2.1\lib\</path>
         <kind>archive</kind>
         <file>rts430_eabi.lib</file>
         <name>_lock.obj</name>
      </input_file>
      <input_file id="fl-40">
         <path>C:\ti\ccsv5\tools\compiler\msp430_4.2.1\lib\</path>
         <kind>archive</kind>
         <file>rts430_eabi.lib</file>
         <name>args_main.obj</name>
      </input_file>
      <input_file id="fl-41">
         <path>C:\ti\ccsv5\tools\compiler\msp430_4.2.1\lib\</path>
         <kind>archive</kind>
         <file>rts430_eabi.lib</file>
         <name>asr32.obj</name>
      </input_file>
      <input_file id="fl-42">
         <path>C:\ti\ccsv5\tools\compiler\msp430_4.2.1\lib\</path>
         <kind>archive</kind>
         <file>rts430_eabi.lib</file>
         <name>autoinit.obj</name>
      </input_file>
      <input_file id="fl-43">
         <path>C:\ti\ccsv5\tools\compiler\msp430_4.2.1\lib\</path>
         <kind>archive</kind>
         <file>rts430_eabi.lib</file>
         <name>cmpd.obj</name>
      </input_file>
      <input_file id="fl-44">
         <path>C:\ti\ccsv5\tools\compiler\msp430_4.2.1\lib\</path>
         <kind>archive</kind>
         <file>rts430_eabi.lib</file>
         <name>fltlid.obj</name>
      </input_file>
      <input_file id="fl-45">
         <path>C:\ti\ccsv5\tools\compiler\msp430_4.2.1\lib\</path>
         <kind>archive</kind>
         <file>rts430_eabi.lib</file>
         <name>fmod.obj</name>
      </input_file>
      <input_file id="fl-46">
         <path>C:\ti\ccsv5\tools\compiler\msp430_4.2.1\lib\</path>
         <kind>archive</kind>
         <file>rts430_eabi.lib</file>
         <name>frcmpyd.obj</name>
      </input_file>
      <input_file id="fl-47">
         <path>C:\ti\ccsv5\tools\compiler\msp430_4.2.1\lib\</path>
         <kind>archive</kind>
         <file>rts430_eabi.lib</file>
         <name>llmath.obj</name>
      </input_file>
      <input_file id="fl-48">
         <path>C:\ti\ccsv5\tools\compiler\msp430_4.2.1\lib\</path>
         <kind>archive</kind>
         <file>rts430_eabi.lib</file>
         <name>mult32.obj</name>
      </input_file>
      <input_file id="fl-49">
         <path>C:\ti\ccsv5\tools\compiler\msp430_4.2.1\lib\</path>
         <kind>archive</kind>
         <file>rts430_eabi.lib</file>
         <name>mult64.obj</name>
      </input_file>
      <input_file id="fl-4a">
         <path>C:\ti\ccsv5\tools\compiler\msp430_4.2.1\lib\</path>
         <kind>archive</kind>
         <file>rts430_eabi.lib</file>
         <name>negd.obj</name>
      </input_file>
      <input_file id="fl-4b">
         <path>C:\ti\ccsv5\tools\compiler\msp430_4.2.1\lib\</path>
         <kind>archive</kind>
         <file>rts430_eabi.lib</file>
         <name>subd.obj</name>
      </input_file>
      <input_file id="fl-4c">
         <path>C:\ti\ccsv5\tools\compiler\msp430_4.2.1\lib\</path>
         <kind>archive</kind>
         <file>rts430_eabi.lib</file>
         <name>xdnorm.obj</name>
      </input_file>
      <input_file id="fl-4d">
         <path>C:\ti\ccsv5\tools\compiler\msp430_4.2.1\lib\</path>
         <kind>archive</kind>
         <file>rts430_eabi.lib</file>
         <name>xdscale.obj</name>
      </input_file>
      <input_file id="fl-4e">
         <path>C:\ti\ccsv5\tools\compiler\msp430_4.2.1\lib\</path>
         <kind>archive</kind>
         <file>rts430_eabi.lib</file>
         <name>xdtest.obj</name>
      </input_file>
      <input_file id="fl-4f">
         <path>C:\ti\ccsv5\tools\compiler\msp430_4.2.1\lib\</path>
         <kind>archive</kind>
         <file>rts430_eabi.lib</file>
         <name>xferaise.obj</name>
      </input_file>
      <input_file id="fl-50">
         <path>C:\ti\ccsv5\tools\compiler\msp430_4.2.1\lib\</path>
         <kind>archive</kind>
         <file>rts430_eabi.lib</file>
         <name>abs.obj</name>
      </input_file>
      <input_file id="fl-51">
         <path>C:\ti\ccsv5\tools\compiler\msp430_4.2.1\lib\</path>
         <kind>archive</kind>
         <file>rts430_eabi.lib</file>
         <name>errno.obj</name>
      </input_file>
      <input_file id="fl-52">
         <path>C:\ti\ccsv5\tools\compiler\msp430_4.2.1\lib\</path>
         <kind>archive</kind>
         <file>rts430_eabi.lib</file>
         <name>feraiseexcept.obj</name>
      </input_file>
      <input_file id="fl-53">
         <path>C:\ti\ccsv5\tools\compiler\msp430_4.2.1\lib\</path>
         <kind>archive</kind>
         <file>rts430_eabi.lib</file>
         <name>mult1632.obj</name>
      </input_file>
      <input_file id="fl-54">
         <path>C:\ti\ccsv5\tools\compiler\msp430_4.2.1\lib\</path>
         <kind>archive</kind>
         <file>rts430_eabi.lib</file>
         <name>raise.obj</name>
      </input_file>
      <input_file id="fl-55">
         <path>C:\ti\ccsv5\tools\compiler\msp430_4.2.1\lib\</path>
         <kind>archive</kind>
         <file>rts430_eabi.lib</file>
         <name>signal.obj</name>
      </input_file>
   </input_file_list>
   <object_component_list>
      <object_component id="oc-4c">
         <name>.stack</name>
         <uninitialized>true</uninitialized>
         <run_address>0x5b0</run_address>
         <size>0x2</size>
         <input_file_ref idref="fl-1e"/>
      </object_component>
      <object_component id="oc-2af">
         <name>.stack</name>
         <uninitialized>true</uninitialized>
         <run_address>0x5b0</run_address>
         <size>0x0</size>
      </object_component>
      <object_component id="oc-16c">
         <name>.text:_Sin</name>
         <load_address>0x8000</load_address>
         <run_address>0x8000</run_address>
         <size>0x474</size>
         <input_file_ref idref="fl-3d"/>
      </object_component>
      <object_component id="oc-173">
         <name>.text:__TI_frcmpyd</name>
         <load_address>0x8474</load_address>
         <run_address>0x8474</run_address>
         <size>0x2f8</size>
         <input_file_ref idref="fl-46"/>
      </object_component>
      <object_component id="oc-13c">
         <name>.text:__mspabi_addd</name>
         <load_address>0x876c</load_address>
         <run_address>0x876c</run_address>
         <size>0x2e8</size>
         <input_file_ref idref="fl-1c"/>
      </object_component>
      <object_component id="oc-17f">
         <name>.text:__TI_frcaddd</name>
         <load_address>0x8a54</load_address>
         <run_address>0x8a54</run_address>
         <size>0x26e</size>
         <input_file_ref idref="fl-29"/>
      </object_component>
      <object_component id="oc-137">
         <name>.text:__mspabi_mpyd</name>
         <load_address>0x8cc2</load_address>
         <run_address>0x8cc2</run_address>
         <size>0x256</size>
         <input_file_ref idref="fl-39"/>
      </object_component>
      <object_component id="oc-1a3">
         <name>.text:fmod</name>
         <load_address>0x8f18</load_address>
         <run_address>0x8f18</run_address>
         <size>0x224</size>
         <input_file_ref idref="fl-45"/>
      </object_component>
      <object_component id="oc-203">
         <name>.text:_Dscale</name>
         <load_address>0x913c</load_address>
         <run_address>0x913c</run_address>
         <size>0x1ae</size>
         <input_file_ref idref="fl-4d"/>
      </object_component>
      <object_component id="oc-19e">
         <name>.text:__mspabi_cmpd</name>
         <load_address>0x92ea</load_address>
         <run_address>0x92ea</run_address>
         <size>0x138</size>
         <input_file_ref idref="fl-43"/>
      </object_component>
      <object_component id="oc-1fe">
         <name>.text:_Dnorm</name>
         <load_address>0x9422</load_address>
         <run_address>0x9422</run_address>
         <size>0x110</size>
         <input_file_ref idref="fl-4c"/>
      </object_component>
      <object_component id="oc-62">
         <name>.text:Timer_B</name>
         <load_address>0x9532</load_address>
         <run_address>0x9532</run_address>
         <size>0x106</size>
         <input_file_ref idref="fl-2"/>
      </object_component>
      <object_component id="oc-eb">
         <name>.text:show_scale</name>
         <load_address>0x9638</load_address>
         <run_address>0x9638</run_address>
         <size>0xd4</size>
         <input_file_ref idref="fl-2"/>
      </object_component>
      <object_component id="oc-de">
         <name>.text:print_note</name>
         <load_address>0x970c</load_address>
         <run_address>0x970c</run_address>
         <size>0xd2</size>
         <input_file_ref idref="fl-2"/>
      </object_component>
      <object_component id="oc-71">
         <name>.text:main</name>
         <load_address>0x97de</load_address>
         <run_address>0x97de</run_address>
         <size>0xc2</size>
         <input_file_ref idref="fl-2"/>
      </object_component>
      <object_component id="oc-129">
         <name>.text</name>
         <load_address>0x98a0</load_address>
         <run_address>0x98a0</run_address>
         <size>0xc2</size>
         <input_file_ref idref="fl-2b"/>
      </object_component>
      <object_component id="oc-1de">
         <name>.text:__TI_renormd</name>
         <load_address>0x9962</load_address>
         <run_address>0x9962</run_address>
         <size>0xc0</size>
         <input_file_ref idref="fl-3b"/>
      </object_component>
      <object_component id="oc-1ad">
         <name>.text:__mspabi_fltlid</name>
         <load_address>0x9a22</load_address>
         <run_address>0x9a22</run_address>
         <size>0xb0</size>
         <input_file_ref idref="fl-44"/>
      </object_component>
      <object_component id="oc-5d">
         <name>.text:Timer_A</name>
         <load_address>0x9ad2</load_address>
         <run_address>0x9ad2</run_address>
         <size>0xae</size>
         <input_file_ref idref="fl-2"/>
      </object_component>
      <object_component id="oc-11d">
         <name>.text:lcd_command</name>
         <load_address>0x9b80</load_address>
         <run_address>0x9b80</run_address>
         <size>0x8a</size>
         <input_file_ref idref="fl-2"/>
      </object_component>
      <object_component id="oc-186">
         <name>.text:__mspabi_fixdli</name>
         <load_address>0x9c0a</load_address>
         <run_address>0x9c0a</run_address>
         <size>0x88</size>
         <input_file_ref idref="fl-28"/>
      </object_component>
      <object_component id="oc-e3">
         <name>.text:lcd_char</name>
         <load_address>0x9c92</load_address>
         <run_address>0x9c92</run_address>
         <size>0x82</size>
         <input_file_ref idref="fl-2"/>
      </object_component>
      <object_component id="oc-12d">
         <name>.text:__mspabi_cvtfd</name>
         <load_address>0x9d14</load_address>
         <run_address>0x9d14</run_address>
         <size>0x80</size>
         <input_file_ref idref="fl-22"/>
      </object_component>
      <object_component id="oc-ca">
         <name>.text:init_sin</name>
         <load_address>0x9d94</load_address>
         <run_address>0x9d94</run_address>
         <size>0x7a</size>
         <input_file_ref idref="fl-2"/>
      </object_component>
      <object_component id="oc-8f">
         <name>.text:__TI_decompress_rle_core</name>
         <load_address>0x9e0e</load_address>
         <run_address>0x9e0e</run_address>
         <size>0x5e</size>
         <input_file_ref idref="fl-20"/>
      </object_component>
      <object_component id="oc-6c">
         <name>.text:_auto_init</name>
         <load_address>0x9e6c</load_address>
         <run_address>0x9e6c</run_address>
         <size>0x5e</size>
         <input_file_ref idref="fl-42"/>
      </object_component>
      <object_component id="oc-1be">
         <name>.text:l_lsr_const</name>
         <load_address>0x9eca</load_address>
         <run_address>0x9eca</run_address>
         <size>0x5c</size>
         <input_file_ref idref="fl-37"/>
      </object_component>
      <object_component id="oc-192">
         <name>.text:_Dtest</name>
         <load_address>0x9f26</load_address>
         <run_address>0x9f26</run_address>
         <size>0x56</size>
         <input_file_ref idref="fl-4e"/>
      </object_component>
      <object_component id="oc-58">
         <name>.text:ADC10_ISR</name>
         <load_address>0x9f7c</load_address>
         <run_address>0x9f7c</run_address>
         <size>0x52</size>
         <input_file_ref idref="fl-2"/>
      </object_component>
      <object_component id="oc-1ce">
         <name>.text</name>
         <load_address>0x9fce</load_address>
         <run_address>0x9fce</run_address>
         <size>0x4c</size>
         <input_file_ref idref="fl-36"/>
      </object_component>
      <object_component id="oc-208">
         <name>.text:__mspabi_srlll</name>
         <load_address>0xa01a</load_address>
         <run_address>0xa01a</run_address>
         <size>0x4a</size>
         <input_file_ref idref="fl-47"/>
      </object_component>
      <object_component id="oc-f0">
         <name>.text:findEarFrequency</name>
         <load_address>0xa064</load_address>
         <run_address>0xa064</run_address>
         <size>0x46</size>
         <input_file_ref idref="fl-2"/>
      </object_component>
      <object_component id="oc-161">
         <name>.text:l_asr_const</name>
         <load_address>0xa0aa</load_address>
         <run_address>0xa0aa</run_address>
         <size>0x3e</size>
         <input_file_ref idref="fl-41"/>
      </object_component>
      <object_component id="oc-1c6">
         <name>.text:l_lsl_const</name>
         <load_address>0xa0e8</load_address>
         <run_address>0xa0e8</run_address>
         <size>0x3e</size>
         <input_file_ref idref="fl-35"/>
      </object_component>
      <object_component id="oc-c5">
         <name>.text:init_spi</name>
         <load_address>0xa126</load_address>
         <run_address>0xa126</run_address>
         <size>0x38</size>
         <input_file_ref idref="fl-2"/>
      </object_component>
      <object_component id="oc-1a8">
         <name>.text:__mspabi_subd</name>
         <load_address>0xa15e</load_address>
         <run_address>0xa15e</run_address>
         <size>0x36</size>
         <input_file_ref idref="fl-4b"/>
      </object_component>
      <object_component id="oc-125">
         <name>.text</name>
         <load_address>0xa194</load_address>
         <run_address>0xa194</run_address>
         <size>0x36</size>
         <input_file_ref idref="fl-2a"/>
      </object_component>
      <object_component id="oc-24d">
         <name>.text:signal</name>
         <load_address>0xa1ca</load_address>
         <run_address>0xa1ca</run_address>
         <size>0x36</size>
         <input_file_ref idref="fl-55"/>
      </object_component>
      <object_component id="oc-197">
         <name>.text:_Feraise</name>
         <load_address>0xa200</load_address>
         <run_address>0xa200</run_address>
         <size>0x32</size>
         <input_file_ref idref="fl-4f"/>
      </object_component>
      <object_component id="oc-22c">
         <name>.text:raise</name>
         <load_address>0xa232</load_address>
         <run_address>0xa232</run_address>
         <size>0x30</size>
         <input_file_ref idref="fl-54"/>
      </object_component>
      <object_component id="oc-1ed">
         <name>.text:feraiseexcept</name>
         <load_address>0xa262</load_address>
         <run_address>0xa262</run_address>
         <size>0x2e</size>
         <input_file_ref idref="fl-52"/>
      </object_component>
      <object_component id="oc-14d">
         <name>.text</name>
         <load_address>0xa290</load_address>
         <run_address>0xa290</run_address>
         <size>0x2c</size>
         <input_file_ref idref="fl-1d"/>
      </object_component>
      <object_component id="oc-ac">
         <name>.text</name>
         <load_address>0xa2bc</load_address>
         <run_address>0xa2bc</run_address>
         <size>0x2c</size>
         <input_file_ref idref="fl-23"/>
      </object_component>
      <object_component id="oc-15d">
         <name>.text</name>
         <load_address>0xa2e8</load_address>
         <run_address>0xa2e8</run_address>
         <size>0x2c</size>
         <input_file_ref idref="fl-34"/>
      </object_component>
      <object_component id="oc-1b2">
         <name>.text:__mspabi_negd</name>
         <load_address>0xa314</load_address>
         <run_address>0xa314</run_address>
         <size>0x2a</size>
         <input_file_ref idref="fl-4a"/>
      </object_component>
      <object_component id="oc-141">
         <name>.text:__mspabi_fixdi</name>
         <load_address>0xa33e</load_address>
         <run_address>0xa33e</run_address>
         <size>0x28</size>
         <input_file_ref idref="fl-27"/>
      </object_component>
      <object_component id="oc-bb">
         <name>.text:lcd_init</name>
         <load_address>0xa366</load_address>
         <run_address>0xa366</run_address>
         <size>0x28</size>
         <input_file_ref idref="fl-2"/>
      </object_component>
      <object_component id="oc-1c2">
         <name>.text</name>
         <load_address>0xa38e</load_address>
         <run_address>0xa38e</run_address>
         <size>0x26</size>
         <input_file_ref idref="fl-48"/>
      </object_component>
      <object_component id="oc-38">
         <name>.text:_c_int00_noexit</name>
         <load_address>0xa3b4</load_address>
         <run_address>0xa3b4</run_address>
         <size>0x1a</size>
         <input_file_ref idref="fl-1e"/>
      </object_component>
      <object_component id="oc-c0">
         <name>.text:adc_init</name>
         <load_address>0xa3ce</load_address>
         <run_address>0xa3ce</run_address>
         <size>0x16</size>
         <input_file_ref idref="fl-2"/>
      </object_component>
      <object_component id="oc-110">
         <name>.text</name>
         <load_address>0xa3e4</load_address>
         <run_address>0xa3e4</run_address>
         <size>0x16</size>
         <input_file_ref idref="fl-24"/>
      </object_component>
      <object_component id="oc-42">
         <name>.text:decompress:ZI:__TI_zero_init</name>
         <load_address>0xa3fa</load_address>
         <run_address>0xa3fa</run_address>
         <size>0x14</size>
         <input_file_ref idref="fl-21"/>
      </object_component>
      <object_component id="oc-cf">
         <name>.text:init_timerA_interrupt</name>
         <load_address>0xa40e</load_address>
         <run_address>0xa40e</run_address>
         <size>0x14</size>
         <input_file_ref idref="fl-2"/>
      </object_component>
      <object_component id="oc-d4">
         <name>.text:init_timerB_interrupt</name>
         <load_address>0xa422</load_address>
         <run_address>0xa422</run_address>
         <size>0x14</size>
         <input_file_ref idref="fl-2"/>
      </object_component>
      <object_component id="oc-3d">
         <name>.text:decompress:none:__TI_decompress_none</name>
         <load_address>0xa436</load_address>
         <run_address>0xa436</run_address>
         <size>0x12</size>
         <input_file_ref idref="fl-1f"/>
      </object_component>
      <object_component id="oc-d9">
         <name>.text:init_port_interrupt</name>
         <load_address>0xa448</load_address>
         <run_address>0xa448</run_address>
         <size>0x12</size>
         <input_file_ref idref="fl-2"/>
      </object_component>
      <object_component id="oc-1d6">
         <name>.text:l_lsr</name>
         <load_address>0xa45a</load_address>
         <run_address>0xa45a</run_address>
         <size>0x12</size>
         <input_file_ref idref="fl-37"/>
      </object_component>
      <object_component id="oc-7c">
         <name>.text:memcpy</name>
         <load_address>0xa46c</load_address>
         <run_address>0xa46c</run_address>
         <size>0x12</size>
         <input_file_ref idref="fl-38"/>
      </object_component>
      <object_component id="oc-1da">
         <name>.text:l_asr</name>
         <load_address>0xa47e</load_address>
         <run_address>0xa47e</run_address>
         <size>0x10</size>
         <input_file_ref idref="fl-41"/>
      </object_component>
      <object_component id="oc-1d2">
         <name>.text:l_lsl</name>
         <load_address>0xa48e</load_address>
         <run_address>0xa48e</run_address>
         <size>0x10</size>
         <input_file_ref idref="fl-35"/>
      </object_component>
      <object_component id="oc-b5">
         <name>.text</name>
         <load_address>0xa49e</load_address>
         <run_address>0xa49e</run_address>
         <size>0x10</size>
         <input_file_ref idref="fl-25"/>
      </object_component>
      <object_component id="oc-132">
         <name>.text:sin</name>
         <load_address>0xa4ae</load_address>
         <run_address>0xa4ae</run_address>
         <size>0xe</size>
         <input_file_ref idref="fl-3c"/>
      </object_component>
      <object_component id="oc-4f">
         <name>.text:Port_1</name>
         <load_address>0xa4bc</load_address>
         <run_address>0xa4bc</run_address>
         <size>0xa</size>
         <input_file_ref idref="fl-2"/>
      </object_component>
      <object_component id="oc-54">
         <name>.text:__TI_ISR_TRAP</name>
         <load_address>0xa4c6</load_address>
         <run_address>0xa4c6</run_address>
         <size>0x6</size>
         <input_file_ref idref="fl-33"/>
      </object_component>
      <object_component id="oc-47">
         <name>.text:decompress:rle24:__TI_decompress_rle24</name>
         <load_address>0xa4cc</load_address>
         <run_address>0xa4cc</run_address>
         <size>0x6</size>
         <input_file_ref idref="fl-20"/>
      </object_component>
      <object_component id="oc-67">
         <name>.text:_system_pre_init</name>
         <load_address>0xa4d2</load_address>
         <run_address>0xa4d2</run_address>
         <size>0x4</size>
         <input_file_ref idref="fl-3a"/>
      </object_component>
      <object_component id="oc-76">
         <name>.text:abort</name>
         <load_address>0xa4d6</load_address>
         <run_address>0xa4d6</run_address>
         <size>0x4</size>
         <input_file_ref idref="fl-26"/>
      </object_component>
      <object_component id="oc-267">
         <name>.text:_nop</name>
         <load_address>0xa4da</load_address>
         <run_address>0xa4da</run_address>
         <size>0x2</size>
         <input_file_ref idref="fl-3f"/>
      </object_component>
      <object_component id="oc-2ae">
         <name>.cinit..data.load</name>
         <load_address>0xa548</load_address>
         <run_address>0xa548</run_address>
         <size>0x41</size>
      </object_component>
      <object_component id="oc-2ab">
         <name>__TI_handler_table</name>
         <load_address>0xa58a</load_address>
         <run_address>0xa58a</run_address>
         <size>0x6</size>
      </object_component>
      <object_component id="oc-2ad">
         <name>.cinit..bss.load</name>
         <load_address>0xa590</load_address>
         <run_address>0xa590</run_address>
         <size>0x4</size>
      </object_component>
      <object_component id="oc-2ac">
         <name>__TI_cinit_table</name>
         <load_address>0xa594</load_address>
         <run_address>0xa594</run_address>
         <size>0x8</size>
      </object_component>
      <object_component id="oc-1b9">
         <name>.const:c</name>
         <load_address>0xa4dc</load_address>
         <run_address>0xa4dc</run_address>
         <size>0x30</size>
         <input_file_ref idref="fl-3d"/>
      </object_component>
      <object_component id="oc-1b7">
         <name>.const:s</name>
         <load_address>0xa50c</load_address>
         <run_address>0xa50c</run_address>
         <size>0x30</size>
         <input_file_ref idref="fl-3d"/>
      </object_component>
      <object_component id="oc-a9">
         <name>.const</name>
         <load_address>0xa53c</load_address>
         <run_address>0xa53c</run_address>
         <size>0xc</size>
         <input_file_ref idref="fl-2"/>
      </object_component>
      <object_component id="oc-2d">
         <name>.int02</name>
         <load_address>0xffe4</load_address>
         <run_address>0xffe4</run_address>
         <size>0x2</size>
         <input_file_ref idref="fl-2"/>
      </object_component>
      <object_component id="oc-2e">
         <name>.int03</name>
         <load_address>0xffe6</load_address>
         <run_address>0xffe6</run_address>
         <size>0x2</size>
         <input_file_ref idref="fl-2c"/>
      </object_component>
      <object_component id="oc-2f">
         <name>.int05</name>
         <load_address>0xffea</load_address>
         <run_address>0xffea</run_address>
         <size>0x2</size>
         <input_file_ref idref="fl-2"/>
      </object_component>
      <object_component id="oc-30">
         <name>.int06</name>
         <load_address>0xffec</load_address>
         <run_address>0xffec</run_address>
         <size>0x2</size>
         <input_file_ref idref="fl-2d"/>
      </object_component>
      <object_component id="oc-31">
         <name>.int07</name>
         <load_address>0xffee</load_address>
         <run_address>0xffee</run_address>
         <size>0x2</size>
         <input_file_ref idref="fl-2e"/>
      </object_component>
      <object_component id="oc-32">
         <name>.int08</name>
         <load_address>0xfff0</load_address>
         <run_address>0xfff0</run_address>
         <size>0x2</size>
         <input_file_ref idref="fl-2f"/>
      </object_component>
      <object_component id="oc-33">
         <name>.int09</name>
         <load_address>0xfff2</load_address>
         <run_address>0xfff2</run_address>
         <size>0x2</size>
         <input_file_ref idref="fl-2"/>
      </object_component>
      <object_component id="oc-34">
         <name>.int10</name>
         <load_address>0xfff4</load_address>
         <run_address>0xfff4</run_address>
         <size>0x2</size>
         <input_file_ref idref="fl-30"/>
      </object_component>
      <object_component id="oc-35">
         <name>.int12</name>
         <load_address>0xfff8</load_address>
         <run_address>0xfff8</run_address>
         <size>0x2</size>
         <input_file_ref idref="fl-31"/>
      </object_component>
      <object_component id="oc-36">
         <name>.int13</name>
         <load_address>0xfffa</load_address>
         <run_address>0xfffa</run_address>
         <size>0x2</size>
         <input_file_ref idref="fl-2"/>
      </object_component>
      <object_component id="oc-37">
         <name>.int14</name>
         <load_address>0xfffc</load_address>
         <run_address>0xfffc</run_address>
         <size>0x2</size>
         <input_file_ref idref="fl-32"/>
      </object_component>
      <object_component id="oc-4e">
         <name>.reset</name>
         <load_address>0xfffe</load_address>
         <run_address>0xfffe</run_address>
         <size>0x2</size>
         <input_file_ref idref="fl-1e"/>
      </object_component>
      <object_component id="oc-159">
         <name>.common:uf_lcd_temp</name>
         <uninitialized>true</uninitialized>
         <run_address>0x36e</run_address>
         <size>0x1</size>
      </object_component>
      <object_component id="oc-e8">
         <name>.common:hundredDigit</name>
         <uninitialized>true</uninitialized>
         <run_address>0x368</run_address>
         <size>0x2</size>
      </object_component>
      <object_component id="oc-e9">
         <name>.common:tenDigit</name>
         <uninitialized>true</uninitialized>
         <run_address>0x36c</run_address>
         <size>0x2</size>
      </object_component>
      <object_component id="oc-ea">
         <name>.common:oneDigit</name>
         <uninitialized>true</uninitialized>
         <run_address>0x36a</run_address>
         <size>0x2</size>
      </object_component>
      <object_component id="oc-146">
         <name>.common:waves</name>
         <uninitialized>true</uninitialized>
         <run_address>0x304</run_address>
         <size>0x64</size>
      </object_component>
      <object_component id="oc-a2">
         <name>.data</name>
         <load_address>0x2d8</load_address>
         <run_address>0x2d8</run_address>
         <size>0x20</size>
         <input_file_ref idref="fl-2"/>
      </object_component>
      <object_component id="oc-19c">
         <name>.data</name>
         <load_address>0x200</load_address>
         <run_address>0x200</run_address>
         <size>0x80</size>
         <input_file_ref idref="fl-3e"/>
      </object_component>
      <object_component id="oc-1f2">
         <name>.data</name>
         <load_address>0x302</load_address>
         <run_address>0x302</run_address>
         <size>0x2</size>
         <input_file_ref idref="fl-51"/>
      </object_component>
      <object_component id="oc-22a">
         <name>.data</name>
         <load_address>0x2f8</load_address>
         <run_address>0x2f8</run_address>
         <size>0x6</size>
         <input_file_ref idref="fl-52"/>
      </object_component>
      <object_component id="oc-25a">
         <name>.data</name>
         <load_address>0x2fe</load_address>
         <run_address>0x2fe</run_address>
         <size>0x4</size>
         <input_file_ref idref="fl-3f"/>
      </object_component>
      <object_component id="oc-25c">
         <name>.data:sigtable</name>
         <load_address>0x280</load_address>
         <run_address>0x280</run_address>
         <size>0x58</size>
         <input_file_ref idref="fl-55"/>
      </object_component>
      <object_component id="oc-39">
         <name>.debug_info</name>
         <load_address>0x0</load_address>
         <run_address>0x0</run_address>
         <size>0x125</size>
         <input_file_ref idref="fl-1e"/>
      </object_component>
      <object_component id="oc-3e">
         <name>.debug_info</name>
         <load_address>0x125</load_address>
         <run_address>0x125</run_address>
         <size>0x194</size>
         <input_file_ref idref="fl-1f"/>
      </object_component>
      <object_component id="oc-43">
         <name>.debug_info</name>
         <load_address>0x2b9</load_address>
         <run_address>0x2b9</run_address>
         <size>0x16a</size>
         <input_file_ref idref="fl-21"/>
      </object_component>
      <object_component id="oc-49">
         <name>.debug_info</name>
         <load_address>0x423</load_address>
         <run_address>0x423</run_address>
         <size>0x18e</size>
         <input_file_ref idref="fl-20"/>
      </object_component>
      <object_component id="oc-4d">
         <name>.debug_info</name>
         <load_address>0x5b1</load_address>
         <run_address>0x5b1</run_address>
         <size>0xaa</size>
         <input_file_ref idref="fl-1e"/>
      </object_component>
      <object_component id="oc-50">
         <name>.debug_info</name>
         <load_address>0x65b</load_address>
         <run_address>0x65b</run_address>
         <size>0xf6</size>
         <input_file_ref idref="fl-2"/>
      </object_component>
      <object_component id="oc-55">
         <name>.debug_info</name>
         <load_address>0x751</load_address>
         <run_address>0x751</run_address>
         <size>0xc2</size>
         <input_file_ref idref="fl-33"/>
      </object_component>
      <object_component id="oc-59">
         <name>.debug_info</name>
         <load_address>0x813</load_address>
         <run_address>0x813</run_address>
         <size>0xfc</size>
         <input_file_ref idref="fl-2"/>
      </object_component>
      <object_component id="oc-5e">
         <name>.debug_info</name>
         <load_address>0x90f</load_address>
         <run_address>0x90f</run_address>
         <size>0xf9</size>
         <input_file_ref idref="fl-2"/>
      </object_component>
      <object_component id="oc-63">
         <name>.debug_info</name>
         <load_address>0xa08</load_address>
         <run_address>0xa08</run_address>
         <size>0x170</size>
         <input_file_ref idref="fl-2"/>
      </object_component>
      <object_component id="oc-6b">
         <name>.debug_info</name>
         <load_address>0xb78</load_address>
         <run_address>0xb78</run_address>
         <size>0xfd</size>
         <input_file_ref idref="fl-3a"/>
      </object_component>
      <object_component id="oc-70">
         <name>.debug_info</name>
         <load_address>0xc75</load_address>
         <run_address>0xc75</run_address>
         <size>0x14d</size>
         <input_file_ref idref="fl-42"/>
      </object_component>
      <object_component id="oc-72">
         <name>.debug_info</name>
         <load_address>0xdc2</load_address>
         <run_address>0xdc2</run_address>
         <size>0x212</size>
         <input_file_ref idref="fl-2"/>
      </object_component>
      <object_component id="oc-78">
         <name>.debug_info</name>
         <load_address>0xfd4</load_address>
         <run_address>0xfd4</run_address>
         <size>0xcc</size>
         <input_file_ref idref="fl-26"/>
      </object_component>
      <object_component id="oc-7f">
         <name>.debug_info</name>
         <load_address>0x10a0</load_address>
         <run_address>0x10a0</run_address>
         <size>0x157</size>
         <input_file_ref idref="fl-38"/>
      </object_component>
      <object_component id="oc-82">
         <name>.debug_info</name>
         <load_address>0x11f7</load_address>
         <run_address>0x11f7</run_address>
         <size>0x46</size>
         <input_file_ref idref="fl-1f"/>
      </object_component>
      <object_component id="oc-87">
         <name>.debug_info</name>
         <load_address>0x123d</load_address>
         <run_address>0x123d</run_address>
         <size>0x164</size>
         <input_file_ref idref="fl-1f"/>
      </object_component>
      <object_component id="oc-89">
         <name>.debug_info</name>
         <load_address>0x13a1</load_address>
         <run_address>0x13a1</run_address>
         <size>0x46</size>
         <input_file_ref idref="fl-21"/>
      </object_component>
      <object_component id="oc-8e">
         <name>.debug_info</name>
         <load_address>0x13e7</load_address>
         <run_address>0x13e7</run_address>
         <size>0x11f</size>
         <input_file_ref idref="fl-21"/>
      </object_component>
      <object_component id="oc-92">
         <name>.debug_info</name>
         <load_address>0x1506</load_address>
         <run_address>0x1506</run_address>
         <size>0x1e9</size>
         <input_file_ref idref="fl-20"/>
      </object_component>
      <object_component id="oc-95">
         <name>.debug_info</name>
         <load_address>0x16ef</load_address>
         <run_address>0x16ef</run_address>
         <size>0x129</size>
         <input_file_ref idref="fl-20"/>
      </object_component>
      <object_component id="oc-96">
         <name>.debug_info</name>
         <load_address>0x1818</load_address>
         <run_address>0x1818</run_address>
         <size>0x39</size>
         <input_file_ref idref="fl-20"/>
      </object_component>
      <object_component id="oc-9d">
         <name>.debug_info</name>
         <load_address>0x1851</load_address>
         <run_address>0x1851</run_address>
         <size>0x84</size>
         <input_file_ref idref="fl-2"/>
      </object_component>
      <object_component id="oc-a3">
         <name>.debug_info</name>
         <load_address>0x18d5</load_address>
         <run_address>0x18d5</run_address>
         <size>0x2ca</size>
         <input_file_ref idref="fl-2"/>
      </object_component>
      <object_component id="oc-a8">
         <name>.debug_info</name>
         <load_address>0x1b9f</load_address>
         <run_address>0x1b9f</run_address>
         <size>0x633</size>
         <input_file_ref idref="fl-2"/>
      </object_component>
      <object_component id="oc-aa">
         <name>.debug_info</name>
         <load_address>0x21d2</load_address>
         <run_address>0x21d2</run_address>
         <size>0x122</size>
         <input_file_ref idref="fl-2"/>
      </object_component>
      <object_component id="oc-ad">
         <name>.debug_info</name>
         <load_address>0x22f4</load_address>
         <run_address>0x22f4</run_address>
         <size>0xe8</size>
         <input_file_ref idref="fl-23"/>
      </object_component>
      <object_component id="oc-b7">
         <name>.debug_info</name>
         <load_address>0x23dc</load_address>
         <run_address>0x23dc</run_address>
         <size>0xe1</size>
         <input_file_ref idref="fl-25"/>
      </object_component>
      <object_component id="oc-ba">
         <name>.debug_info</name>
         <load_address>0x24bd</load_address>
         <run_address>0x24bd</run_address>
         <size>0x2ba</size>
         <input_file_ref idref="fl-42"/>
      </object_component>
      <object_component id="oc-bc">
         <name>.debug_info</name>
         <load_address>0x2777</load_address>
         <run_address>0x2777</run_address>
         <size>0x156</size>
         <input_file_ref idref="fl-2"/>
      </object_component>
      <object_component id="oc-c1">
         <name>.debug_info</name>
         <load_address>0x28cd</load_address>
         <run_address>0x28cd</run_address>
         <size>0xfc</size>
         <input_file_ref idref="fl-2"/>
      </object_component>
      <object_component id="oc-c6">
         <name>.debug_info</name>
         <load_address>0x29c9</load_address>
         <run_address>0x29c9</run_address>
         <size>0xfc</size>
         <input_file_ref idref="fl-2"/>
      </object_component>
      <object_component id="oc-cb">
         <name>.debug_info</name>
         <load_address>0x2ac5</load_address>
         <run_address>0x2ac5</run_address>
         <size>0x1b3</size>
         <input_file_ref idref="fl-2"/>
      </object_component>
      <object_component id="oc-d0">
         <name>.debug_info</name>
         <load_address>0x2c78</load_address>
         <run_address>0x2c78</run_address>
         <size>0x116</size>
         <input_file_ref idref="fl-2"/>
      </object_component>
      <object_component id="oc-d5">
         <name>.debug_info</name>
         <load_address>0x2d8e</load_address>
         <run_address>0x2d8e</run_address>
         <size>0x116</size>
         <input_file_ref idref="fl-2"/>
      </object_component>
      <object_component id="oc-da">
         <name>.debug_info</name>
         <load_address>0x2ea4</load_address>
         <run_address>0x2ea4</run_address>
         <size>0x112</size>
         <input_file_ref idref="fl-2"/>
      </object_component>
      <object_component id="oc-df">
         <name>.debug_info</name>
         <load_address>0x2fb6</load_address>
         <run_address>0x2fb6</run_address>
         <size>0x221</size>
         <input_file_ref idref="fl-2"/>
      </object_component>
      <object_component id="oc-e4">
         <name>.debug_info</name>
         <load_address>0x31d7</load_address>
         <run_address>0x31d7</run_address>
         <size>0x144</size>
         <input_file_ref idref="fl-2"/>
      </object_component>
      <object_component id="oc-ec">
         <name>.debug_info</name>
         <load_address>0x331b</load_address>
         <run_address>0x331b</run_address>
         <size>0xfd</size>
         <input_file_ref idref="fl-2"/>
      </object_component>
      <object_component id="oc-f1">
         <name>.debug_info</name>
         <load_address>0x3418</load_address>
         <run_address>0x3418</run_address>
         <size>0x137</size>
         <input_file_ref idref="fl-2"/>
      </object_component>
      <object_component id="oc-f8">
         <name>.debug_info</name>
         <load_address>0x354f</load_address>
         <run_address>0x354f</run_address>
         <size>0x127</size>
         <input_file_ref idref="fl-38"/>
      </object_component>
      <object_component id="oc-f9">
         <name>.debug_info</name>
         <load_address>0x3676</load_address>
         <run_address>0x3676</run_address>
         <size>0x2c</size>
         <input_file_ref idref="fl-21"/>
      </object_component>
      <object_component id="oc-fe">
         <name>.debug_info</name>
         <load_address>0x36a2</load_address>
         <run_address>0x36a2</run_address>
         <size>0x2c</size>
         <input_file_ref idref="fl-1f"/>
      </object_component>
      <object_component id="oc-111">
         <name>.debug_info</name>
         <load_address>0x36ce</load_address>
         <run_address>0x36ce</run_address>
         <size>0xd4</size>
         <input_file_ref idref="fl-24"/>
      </object_component>
      <object_component id="oc-118">
         <name>.debug_info</name>
         <load_address>0x37a2</load_address>
         <run_address>0x37a2</run_address>
         <size>0x39</size>
         <input_file_ref idref="fl-42"/>
      </object_component>
      <object_component id="oc-11e">
         <name>.debug_info</name>
         <load_address>0x37db</load_address>
         <run_address>0x37db</run_address>
         <size>0x14a</size>
         <input_file_ref idref="fl-2"/>
      </object_component>
      <object_component id="oc-128">
         <name>.debug_info</name>
         <load_address>0x3925</load_address>
         <run_address>0x3925</run_address>
         <size>0xdd</size>
         <input_file_ref idref="fl-2a"/>
      </object_component>
      <object_component id="oc-12a">
         <name>.debug_info</name>
         <load_address>0x3a02</load_address>
         <run_address>0x3a02</run_address>
         <size>0xd4</size>
         <input_file_ref idref="fl-2b"/>
      </object_component>
      <object_component id="oc-131">
         <name>.debug_info</name>
         <load_address>0x3ad6</load_address>
         <run_address>0x3ad6</run_address>
         <size>0x179</size>
         <input_file_ref idref="fl-22"/>
      </object_component>
      <object_component id="oc-135">
         <name>.debug_info</name>
         <load_address>0x3c4f</load_address>
         <run_address>0x3c4f</run_address>
         <size>0x10f</size>
         <input_file_ref idref="fl-3c"/>
      </object_component>
      <object_component id="oc-138">
         <name>.debug_info</name>
         <load_address>0x3d5e</load_address>
         <run_address>0x3d5e</run_address>
         <size>0x29f</size>
         <input_file_ref idref="fl-39"/>
      </object_component>
      <object_component id="oc-13e">
         <name>.debug_info</name>
         <load_address>0x3ffd</load_address>
         <run_address>0x3ffd</run_address>
         <size>0x218</size>
         <input_file_ref idref="fl-1c"/>
      </object_component>
      <object_component id="oc-144">
         <name>.debug_info</name>
         <load_address>0x4215</load_address>
         <run_address>0x4215</run_address>
         <size>0x13c</size>
         <input_file_ref idref="fl-27"/>
      </object_component>
      <object_component id="oc-14f">
         <name>.debug_info</name>
         <load_address>0x4351</load_address>
         <run_address>0x4351</run_address>
         <size>0xd3</size>
         <input_file_ref idref="fl-1d"/>
      </object_component>
      <object_component id="oc-15f">
         <name>.debug_info</name>
         <load_address>0x4424</load_address>
         <run_address>0x4424</run_address>
         <size>0xd3</size>
         <input_file_ref idref="fl-34"/>
      </object_component>
      <object_component id="oc-162">
         <name>.debug_info</name>
         <load_address>0x44f7</load_address>
         <run_address>0x44f7</run_address>
         <size>0xd9</size>
         <input_file_ref idref="fl-41"/>
      </object_component>
      <object_component id="oc-166">
         <name>.debug_info</name>
         <load_address>0x45d0</load_address>
         <run_address>0x45d0</run_address>
         <size>0x128</size>
         <input_file_ref idref="fl-22"/>
      </object_component>
      <object_component id="oc-167">
         <name>.debug_info</name>
         <load_address>0x46f8</load_address>
         <run_address>0x46f8</run_address>
         <size>0xdb</size>
         <input_file_ref idref="fl-22"/>
      </object_component>
      <object_component id="oc-16d">
         <name>.debug_info</name>
         <load_address>0x47d3</load_address>
         <run_address>0x47d3</run_address>
         <size>0x5b7</size>
         <input_file_ref idref="fl-3d"/>
      </object_component>
      <object_component id="oc-172">
         <name>.debug_info</name>
         <load_address>0x4d8a</load_address>
         <run_address>0x4d8a</run_address>
         <size>0x126</size>
         <input_file_ref idref="fl-3c"/>
      </object_component>
      <object_component id="oc-175">
         <name>.debug_info</name>
         <load_address>0x4eb0</load_address>
         <run_address>0x4eb0</run_address>
         <size>0x37b</size>
         <input_file_ref idref="fl-46"/>
      </object_component>
      <object_component id="oc-179">
         <name>.debug_info</name>
         <load_address>0x522b</load_address>
         <run_address>0x522b</run_address>
         <size>0x142</size>
         <input_file_ref idref="fl-39"/>
      </object_component>
      <object_component id="oc-17a">
         <name>.debug_info</name>
         <load_address>0x536d</load_address>
         <run_address>0x536d</run_address>
         <size>0x94</size>
         <input_file_ref idref="fl-1c"/>
      </object_component>
      <object_component id="oc-180">
         <name>.debug_info</name>
         <load_address>0x5401</load_address>
         <run_address>0x5401</run_address>
         <size>0x2d6</size>
         <input_file_ref idref="fl-29"/>
      </object_component>
      <object_component id="oc-185">
         <name>.debug_info</name>
         <load_address>0x56d7</load_address>
         <run_address>0x56d7</run_address>
         <size>0x147</size>
         <input_file_ref idref="fl-1c"/>
      </object_component>
      <object_component id="oc-188">
         <name>.debug_info</name>
         <load_address>0x581e</load_address>
         <run_address>0x581e</run_address>
         <size>0x1b4</size>
         <input_file_ref idref="fl-28"/>
      </object_component>
      <object_component id="oc-18c">
         <name>.debug_info</name>
         <load_address>0x59d2</load_address>
         <run_address>0x59d2</run_address>
         <size>0x105</size>
         <input_file_ref idref="fl-27"/>
      </object_component>
      <object_component id="oc-196">
         <name>.debug_info</name>
         <load_address>0x5ad7</load_address>
         <run_address>0x5ad7</run_address>
         <size>0x10f</size>
         <input_file_ref idref="fl-4e"/>
      </object_component>
      <object_component id="oc-198">
         <name>.debug_info</name>
         <load_address>0x5be6</load_address>
         <run_address>0x5be6</run_address>
         <size>0x127</size>
         <input_file_ref idref="fl-4f"/>
      </object_component>
      <object_component id="oc-19d">
         <name>.debug_info</name>
         <load_address>0x5d0d</load_address>
         <run_address>0x5d0d</run_address>
         <size>0x189</size>
         <input_file_ref idref="fl-3e"/>
      </object_component>
      <object_component id="oc-19f">
         <name>.debug_info</name>
         <load_address>0x5e96</load_address>
         <run_address>0x5e96</run_address>
         <size>0x199</size>
         <input_file_ref idref="fl-43"/>
      </object_component>
      <object_component id="oc-1a5">
         <name>.debug_info</name>
         <load_address>0x602f</load_address>
         <run_address>0x602f</run_address>
         <size>0x37b</size>
         <input_file_ref idref="fl-45"/>
      </object_component>
      <object_component id="oc-1aa">
         <name>.debug_info</name>
         <load_address>0x63aa</load_address>
         <run_address>0x63aa</run_address>
         <size>0x163</size>
         <input_file_ref idref="fl-4b"/>
      </object_component>
      <object_component id="oc-1b0">
         <name>.debug_info</name>
         <load_address>0x650d</load_address>
         <run_address>0x650d</run_address>
         <size>0x1bf</size>
         <input_file_ref idref="fl-44"/>
      </object_component>
      <object_component id="oc-1b3">
         <name>.debug_info</name>
         <load_address>0x66cc</load_address>
         <run_address>0x66cc</run_address>
         <size>0x10d</size>
         <input_file_ref idref="fl-4a"/>
      </object_component>
      <object_component id="oc-1b8">
         <name>.debug_info</name>
         <load_address>0x67d9</load_address>
         <run_address>0x67d9</run_address>
         <size>0x9f</size>
         <input_file_ref idref="fl-3d"/>
      </object_component>
      <object_component id="oc-1ba">
         <name>.debug_info</name>
         <load_address>0x6878</load_address>
         <run_address>0x6878</run_address>
         <size>0x9f</size>
         <input_file_ref idref="fl-3d"/>
      </object_component>
      <object_component id="oc-1bf">
         <name>.debug_info</name>
         <load_address>0x6917</load_address>
         <run_address>0x6917</run_address>
         <size>0xd9</size>
         <input_file_ref idref="fl-37"/>
      </object_component>
      <object_component id="oc-1c3">
         <name>.debug_info</name>
         <load_address>0x69f0</load_address>
         <run_address>0x69f0</run_address>
         <size>0xd4</size>
         <input_file_ref idref="fl-48"/>
      </object_component>
      <object_component id="oc-1c7">
         <name>.debug_info</name>
         <load_address>0x6ac4</load_address>
         <run_address>0x6ac4</run_address>
         <size>0xd9</size>
         <input_file_ref idref="fl-35"/>
      </object_component>
      <object_component id="oc-1cb">
         <name>.debug_info</name>
         <load_address>0x6b9d</load_address>
         <run_address>0x6b9d</run_address>
         <size>0x129</size>
         <input_file_ref idref="fl-46"/>
      </object_component>
      <object_component id="oc-1cf">
         <name>.debug_info</name>
         <load_address>0x6cc6</load_address>
         <run_address>0x6cc6</run_address>
         <size>0xd3</size>
         <input_file_ref idref="fl-36"/>
      </object_component>
      <object_component id="oc-1d3">
         <name>.debug_info</name>
         <load_address>0x6d99</load_address>
         <run_address>0x6d99</run_address>
         <size>0xd3</size>
         <input_file_ref idref="fl-35"/>
      </object_component>
      <object_component id="oc-1d9">
         <name>.debug_info</name>
         <load_address>0x6e6c</load_address>
         <run_address>0x6e6c</run_address>
         <size>0xd3</size>
         <input_file_ref idref="fl-37"/>
      </object_component>
      <object_component id="oc-1db">
         <name>.debug_info</name>
         <load_address>0x6f3f</load_address>
         <run_address>0x6f3f</run_address>
         <size>0xd3</size>
         <input_file_ref idref="fl-41"/>
      </object_component>
      <object_component id="oc-1df">
         <name>.debug_info</name>
         <load_address>0x7012</load_address>
         <run_address>0x7012</run_address>
         <size>0x197</size>
         <input_file_ref idref="fl-3b"/>
      </object_component>
      <object_component id="oc-1e4">
         <name>.debug_info</name>
         <load_address>0x71a9</load_address>
         <run_address>0x71a9</run_address>
         <size>0x13b</size>
         <input_file_ref idref="fl-29"/>
      </object_component>
      <object_component id="oc-1e8">
         <name>.debug_info</name>
         <load_address>0x72e4</load_address>
         <run_address>0x72e4</run_address>
         <size>0x106</size>
         <input_file_ref idref="fl-28"/>
      </object_component>
      <object_component id="oc-1ec">
         <name>.debug_info</name>
         <load_address>0x73ea</load_address>
         <run_address>0x73ea</run_address>
         <size>0x10c</size>
         <input_file_ref idref="fl-4e"/>
      </object_component>
      <object_component id="oc-1f0">
         <name>.debug_info</name>
         <load_address>0x74f6</load_address>
         <run_address>0x74f6</run_address>
         <size>0x143</size>
         <input_file_ref idref="fl-52"/>
      </object_component>
      <object_component id="oc-1f3">
         <name>.debug_info</name>
         <load_address>0x7639</load_address>
         <run_address>0x7639</run_address>
         <size>0xaa</size>
         <input_file_ref idref="fl-51"/>
      </object_component>
      <object_component id="oc-1f7">
         <name>.debug_info</name>
         <load_address>0x76e3</load_address>
         <run_address>0x76e3</run_address>
         <size>0x86</size>
         <input_file_ref idref="fl-2"/>
      </object_component>
      <object_component id="oc-1fd">
         <name>.debug_info</name>
         <load_address>0x7769</load_address>
         <run_address>0x7769</run_address>
         <size>0x104</size>
         <input_file_ref idref="fl-43"/>
      </object_component>
      <object_component id="oc-200">
         <name>.debug_info</name>
         <load_address>0x786d</load_address>
         <run_address>0x786d</run_address>
         <size>0x1a5</size>
         <input_file_ref idref="fl-4c"/>
      </object_component>
      <object_component id="oc-204">
         <name>.debug_info</name>
         <load_address>0x7a12</load_address>
         <run_address>0x7a12</run_address>
         <size>0x236</size>
         <input_file_ref idref="fl-4d"/>
      </object_component>
      <object_component id="oc-209">
         <name>.debug_info</name>
         <load_address>0x7c48</load_address>
         <run_address>0x7c48</run_address>
         <size>0x145</size>
         <input_file_ref idref="fl-47"/>
      </object_component>
      <object_component id="oc-20e">
         <name>.debug_info</name>
         <load_address>0x7d8d</load_address>
         <run_address>0x7d8d</run_address>
         <size>0x1f6</size>
         <input_file_ref idref="fl-45"/>
      </object_component>
      <object_component id="oc-210">
         <name>.debug_info</name>
         <load_address>0x7f83</load_address>
         <run_address>0x7f83</run_address>
         <size>0x104</size>
         <input_file_ref idref="fl-4b"/>
      </object_component>
      <object_component id="oc-212">
         <name>.debug_info</name>
         <load_address>0x8087</load_address>
         <run_address>0x8087</run_address>
         <size>0x106</size>
         <input_file_ref idref="fl-44"/>
      </object_component>
      <object_component id="oc-216">
         <name>.debug_info</name>
         <load_address>0x818d</load_address>
         <run_address>0x818d</run_address>
         <size>0x1b9</size>
         <input_file_ref idref="fl-3d"/>
      </object_component>
      <object_component id="oc-223">
         <name>.debug_info</name>
         <load_address>0x8346</load_address>
         <run_address>0x8346</run_address>
         <size>0x10d</size>
         <input_file_ref idref="fl-3b"/>
      </object_component>
      <object_component id="oc-22b">
         <name>.debug_info</name>
         <load_address>0x8453</load_address>
         <run_address>0x8453</run_address>
         <size>0xe2</size>
         <input_file_ref idref="fl-52"/>
      </object_component>
      <object_component id="oc-22d">
         <name>.debug_info</name>
         <load_address>0x8535</load_address>
         <run_address>0x8535</run_address>
         <size>0x122</size>
         <input_file_ref idref="fl-54"/>
      </object_component>
      <object_component id="oc-237">
         <name>.debug_info</name>
         <load_address>0x8657</load_address>
         <run_address>0x8657</run_address>
         <size>0x10c</size>
         <input_file_ref idref="fl-4c"/>
      </object_component>
      <object_component id="oc-239">
         <name>.debug_info</name>
         <load_address>0x8763</load_address>
         <run_address>0x8763</run_address>
         <size>0x157</size>
         <input_file_ref idref="fl-4d"/>
      </object_component>
      <object_component id="oc-247">
         <name>.debug_info</name>
         <load_address>0x88ba</load_address>
         <run_address>0x88ba</run_address>
         <size>0x6f</size>
         <input_file_ref idref="fl-52"/>
      </object_component>
      <object_component id="oc-24c">
         <name>.debug_info</name>
         <load_address>0x8929</load_address>
         <run_address>0x8929</run_address>
         <size>0x134</size>
         <input_file_ref idref="fl-52"/>
      </object_component>
      <object_component id="oc-251">
         <name>.debug_info</name>
         <load_address>0x8a5d</load_address>
         <run_address>0x8a5d</run_address>
         <size>0x132</size>
         <input_file_ref idref="fl-55"/>
      </object_component>
      <object_component id="oc-253">
         <name>.debug_info</name>
         <load_address>0x8b8f</load_address>
         <run_address>0x8b8f</run_address>
         <size>0x143</size>
         <input_file_ref idref="fl-54"/>
      </object_component>
      <object_component id="oc-25b">
         <name>.debug_info</name>
         <load_address>0x8cd2</load_address>
         <run_address>0x8cd2</run_address>
         <size>0xc8</size>
         <input_file_ref idref="fl-3f"/>
      </object_component>
      <object_component id="oc-25d">
         <name>.debug_info</name>
         <load_address>0x8d9a</load_address>
         <run_address>0x8d9a</run_address>
         <size>0xaf</size>
         <input_file_ref idref="fl-55"/>
      </object_component>
      <object_component id="oc-25f">
         <name>.debug_info</name>
         <load_address>0x8e49</load_address>
         <run_address>0x8e49</run_address>
         <size>0x163</size>
         <input_file_ref idref="fl-55"/>
      </object_component>
      <object_component id="oc-262">
         <name>.debug_info</name>
         <load_address>0x8fac</load_address>
         <run_address>0x8fac</run_address>
         <size>0x2c</size>
         <input_file_ref idref="fl-54"/>
      </object_component>
      <object_component id="oc-268">
         <name>.debug_info</name>
         <load_address>0x8fd8</load_address>
         <run_address>0x8fd8</run_address>
         <size>0xd8</size>
         <input_file_ref idref="fl-3f"/>
      </object_component>
      <object_component id="oc-26e">
         <name>.debug_info</name>
         <load_address>0x90b0</load_address>
         <run_address>0x90b0</run_address>
         <size>0x10d</size>
         <input_file_ref idref="fl-3f"/>
      </object_component>
      <object_component id="oc-2b0">
         <name>.debug_info</name>
         <load_address>0x91bd</load_address>
         <run_address>0x91bd</run_address>
         <size>0x8d</size>
      </object_component>
      <object_component id="oc-3a">
         <name>.debug_line</name>
         <load_address>0x0</load_address>
         <run_address>0x0</run_address>
         <size>0x44</size>
         <input_file_ref idref="fl-1e"/>
      </object_component>
      <object_component id="oc-3f">
         <name>.debug_line</name>
         <load_address>0x44</load_address>
         <run_address>0x44</run_address>
         <size>0x50</size>
         <input_file_ref idref="fl-1f"/>
      </object_component>
      <object_component id="oc-45">
         <name>.debug_line</name>
         <load_address>0x94</load_address>
         <run_address>0x94</run_address>
         <size>0x4a</size>
         <input_file_ref idref="fl-21"/>
      </object_component>
      <object_component id="oc-4a">
         <name>.debug_line</name>
         <load_address>0xde</load_address>
         <run_address>0xde</run_address>
         <size>0x49</size>
         <input_file_ref idref="fl-20"/>
      </object_component>
      <object_component id="oc-51">
         <name>.debug_line</name>
         <load_address>0x127</load_address>
         <run_address>0x127</run_address>
         <size>0x4c</size>
         <input_file_ref idref="fl-2"/>
      </object_component>
      <object_component id="oc-56">
         <name>.debug_line</name>
         <load_address>0x173</load_address>
         <run_address>0x173</run_address>
         <size>0x3c</size>
         <input_file_ref idref="fl-33"/>
      </object_component>
      <object_component id="oc-5a">
         <name>.debug_line</name>
         <load_address>0x1af</load_address>
         <run_address>0x1af</run_address>
         <size>0x55</size>
         <input_file_ref idref="fl-2"/>
      </object_component>
      <object_component id="oc-5f">
         <name>.debug_line</name>
         <load_address>0x204</load_address>
         <run_address>0x204</run_address>
         <size>0x92</size>
         <input_file_ref idref="fl-2"/>
      </object_component>
      <object_component id="oc-64">
         <name>.debug_line</name>
         <load_address>0x296</load_address>
         <run_address>0x296</run_address>
         <size>0x73</size>
         <input_file_ref idref="fl-2"/>
      </object_component>
      <object_component id="oc-69">
         <name>.debug_line</name>
         <load_address>0x309</load_address>
         <run_address>0x309</run_address>
         <size>0x3e</size>
         <input_file_ref idref="fl-3a"/>
      </object_component>
      <object_component id="oc-6f">
         <name>.debug_line</name>
         <load_address>0x347</load_address>
         <run_address>0x347</run_address>
         <size>0x6b</size>
         <input_file_ref idref="fl-42"/>
      </object_component>
      <object_component id="oc-73">
         <name>.debug_line</name>
         <load_address>0x3b2</load_address>
         <run_address>0x3b2</run_address>
         <size>0x78</size>
         <input_file_ref idref="fl-2"/>
      </object_component>
      <object_component id="oc-77">
         <name>.debug_line</name>
         <load_address>0x42a</load_address>
         <run_address>0x42a</run_address>
         <size>0x3a</size>
         <input_file_ref idref="fl-26"/>
      </object_component>
      <object_component id="oc-7e">
         <name>.debug_line</name>
         <load_address>0x464</load_address>
         <run_address>0x464</run_address>
         <size>0x45</size>
         <input_file_ref idref="fl-38"/>
      </object_component>
      <object_component id="oc-84">
         <name>.debug_line</name>
         <load_address>0x4a9</load_address>
         <run_address>0x4a9</run_address>
         <size>0x3a</size>
         <input_file_ref idref="fl-1f"/>
      </object_component>
      <object_component id="oc-8b">
         <name>.debug_line</name>
         <load_address>0x4e3</load_address>
         <run_address>0x4e3</run_address>
         <size>0x34</size>
         <input_file_ref idref="fl-21"/>
      </object_component>
      <object_component id="oc-90">
         <name>.debug_line</name>
         <load_address>0x517</load_address>
         <run_address>0x517</run_address>
         <size>0x80</size>
         <input_file_ref idref="fl-20"/>
      </object_component>
      <object_component id="oc-98">
         <name>.debug_line</name>
         <load_address>0x597</load_address>
         <run_address>0x597</run_address>
         <size>0x39</size>
         <input_file_ref idref="fl-20"/>
      </object_component>
      <object_component id="oc-9c">
         <name>.debug_line</name>
         <load_address>0x5d0</load_address>
         <run_address>0x5d0</run_address>
         <size>0x2a</size>
         <input_file_ref idref="fl-1e"/>
      </object_component>
      <object_component id="oc-9f">
         <name>.debug_line</name>
         <load_address>0x5fa</load_address>
         <run_address>0x5fa</run_address>
         <size>0x20</size>
         <input_file_ref idref="fl-2"/>
      </object_component>
      <object_component id="oc-ae">
         <name>.debug_line</name>
         <load_address>0x61a</load_address>
         <run_address>0x61a</run_address>
         <size>0x4d</size>
         <input_file_ref idref="fl-23"/>
      </object_component>
      <object_component id="oc-b6">
         <name>.debug_line</name>
         <load_address>0x667</load_address>
         <run_address>0x667</run_address>
         <size>0x40</size>
         <input_file_ref idref="fl-25"/>
      </object_component>
      <object_component id="oc-bd">
         <name>.debug_line</name>
         <load_address>0x6a7</load_address>
         <run_address>0x6a7</run_address>
         <size>0x4f</size>
         <input_file_ref idref="fl-2"/>
      </object_component>
      <object_component id="oc-c2">
         <name>.debug_line</name>
         <load_address>0x6f6</load_address>
         <run_address>0x6f6</run_address>
         <size>0x4e</size>
         <input_file_ref idref="fl-2"/>
      </object_component>
      <object_component id="oc-c7">
         <name>.debug_line</name>
         <load_address>0x744</load_address>
         <run_address>0x744</run_address>
         <size>0x55</size>
         <input_file_ref idref="fl-2"/>
      </object_component>
      <object_component id="oc-cc">
         <name>.debug_line</name>
         <load_address>0x799</load_address>
         <run_address>0x799</run_address>
         <size>0x57</size>
         <input_file_ref idref="fl-2"/>
      </object_component>
      <object_component id="oc-d1">
         <name>.debug_line</name>
         <load_address>0x7f0</load_address>
         <run_address>0x7f0</run_address>
         <size>0x4d</size>
         <input_file_ref idref="fl-2"/>
      </object_component>
      <object_component id="oc-d6">
         <name>.debug_line</name>
         <load_address>0x83d</load_address>
         <run_address>0x83d</run_address>
         <size>0x4d</size>
         <input_file_ref idref="fl-2"/>
      </object_component>
      <object_component id="oc-db">
         <name>.debug_line</name>
         <load_address>0x88a</load_address>
         <run_address>0x88a</run_address>
         <size>0x4d</size>
         <input_file_ref idref="fl-2"/>
      </object_component>
      <object_component id="oc-e0">
         <name>.debug_line</name>
         <load_address>0x8d7</load_address>
         <run_address>0x8d7</run_address>
         <size>0x7d</size>
         <input_file_ref idref="fl-2"/>
      </object_component>
      <object_component id="oc-e5">
         <name>.debug_line</name>
         <load_address>0x954</load_address>
         <run_address>0x954</run_address>
         <size>0x59</size>
         <input_file_ref idref="fl-2"/>
      </object_component>
      <object_component id="oc-ed">
         <name>.debug_line</name>
         <load_address>0x9ad</load_address>
         <run_address>0x9ad</run_address>
         <size>0xa4</size>
         <input_file_ref idref="fl-2"/>
      </object_component>
      <object_component id="oc-f2">
         <name>.debug_line</name>
         <load_address>0xa51</load_address>
         <run_address>0xa51</run_address>
         <size>0x4f</size>
         <input_file_ref idref="fl-2"/>
      </object_component>
      <object_component id="oc-fb">
         <name>.debug_line</name>
         <load_address>0xaa0</load_address>
         <run_address>0xaa0</run_address>
         <size>0x44</size>
         <input_file_ref idref="fl-21"/>
      </object_component>
      <object_component id="oc-100">
         <name>.debug_line</name>
         <load_address>0xae4</load_address>
         <run_address>0xae4</run_address>
         <size>0x44</size>
         <input_file_ref idref="fl-1f"/>
      </object_component>
      <object_component id="oc-104">
         <name>.debug_line</name>
         <load_address>0xb28</load_address>
         <run_address>0xb28</run_address>
         <size>0x20</size>
         <input_file_ref idref="fl-1f"/>
      </object_component>
      <object_component id="oc-106">
         <name>.debug_line</name>
         <load_address>0xb48</load_address>
         <run_address>0xb48</run_address>
         <size>0x20</size>
         <input_file_ref idref="fl-21"/>
      </object_component>
      <object_component id="oc-109">
         <name>.debug_line</name>
         <load_address>0xb68</load_address>
         <run_address>0xb68</run_address>
         <size>0x20</size>
         <input_file_ref idref="fl-20"/>
      </object_component>
      <object_component id="oc-10b">
         <name>.debug_line</name>
         <load_address>0xb88</load_address>
         <run_address>0xb88</run_address>
         <size>0x35</size>
         <input_file_ref idref="fl-2"/>
      </object_component>
      <object_component id="oc-10d">
         <name>.debug_line</name>
         <load_address>0xbbd</load_address>
         <run_address>0xbbd</run_address>
         <size>0xd3</size>
         <input_file_ref idref="fl-2"/>
      </object_component>
      <object_component id="oc-10f">
         <name>.debug_line</name>
         <load_address>0xc90</load_address>
         <run_address>0xc90</run_address>
         <size>0x35</size>
         <input_file_ref idref="fl-2"/>
      </object_component>
      <object_component id="oc-112">
         <name>.debug_line</name>
         <load_address>0xcc5</load_address>
         <run_address>0xcc5</run_address>
         <size>0x43</size>
         <input_file_ref idref="fl-24"/>
      </object_component>
      <object_component id="oc-117">
         <name>.debug_line</name>
         <load_address>0xd08</load_address>
         <run_address>0xd08</run_address>
         <size>0x2e</size>
         <input_file_ref idref="fl-42"/>
      </object_component>
[...]
         <value>0xfff8</value>
         <object_component_ref idref="oc-35"/>
      </symbol>
      <symbol id="sm-2db">
         <name>__TI_int14</name>
         <value>0xfffc</value>
         <object_component_ref idref="oc-37"/>
      </symbol>
      <symbol id="sm-2e2">
         <name>__TI_ISR_TRAP</name>
         <value>0xa4c6</value>
         <object_component_ref idref="oc-54"/>
      </symbol>
      <symbol id="sm-2e9">
         <name>__mspabi_slli</name>
         <value>0xa2e8</value>
         <object_component_ref idref="oc-15d"/>
      </symbol>
      <symbol id="sm-2ea">
         <name>__mspabi_slli_9</name>
         <value>0xa300</value>
         <object_component_ref idref="oc-15d"/>
      </symbol>
      <symbol id="sm-2eb">
         <name>__mspabi_slli_8</name>
         <value>0xa302</value>
         <object_component_ref idref="oc-15d"/>
      </symbol>
      <symbol id="sm-2ec">
         <name>__mspabi_slli_7</name>
         <value>0xa304</value>
         <object_component_ref idref="oc-15d"/>
      </symbol>
      <symbol id="sm-2ed">
         <name>__mspabi_slli_6</name>
         <value>0xa306</value>
         <object_component_ref idref="oc-15d"/>
      </symbol>
      <symbol id="sm-2ee">
         <name>__mspabi_slli_5</name>
         <value>0xa308</value>
         <object_component_ref idref="oc-15d"/>
      </symbol>
      <symbol id="sm-2ef">
         <name>__mspabi_slli_4</name>
         <value>0xa30a</value>
         <object_component_ref idref="oc-15d"/>
      </symbol>
      <symbol id="sm-2f0">
         <name>__mspabi_slli_3</name>
         <value>0xa30c</value>
         <object_component_ref idref="oc-15d"/>
      </symbol>
      <symbol id="sm-2f1">
         <name>__mspabi_slli_2</name>
         <value>0xa30e</value>
         <object_component_ref idref="oc-15d"/>
      </symbol>
      <symbol id="sm-2f2">
         <name>__mspabi_slli_1</name>
         <value>0xa310</value>
         <object_component_ref idref="oc-15d"/>
      </symbol>
      <symbol id="sm-2f3">
         <name>__mspabi_slli_15</name>
         <value>0xa2f4</value>
         <object_component_ref idref="oc-15d"/>
      </symbol>
      <symbol id="sm-2f4">
         <name>__mspabi_slli_14</name>
         <value>0xa2f6</value>
         <object_component_ref idref="oc-15d"/>
      </symbol>
      <symbol id="sm-2f5">
         <name>__mspabi_slli_13</name>
         <value>0xa2f8</value>
         <object_component_ref idref="oc-15d"/>
      </symbol>
      <symbol id="sm-2f6">
         <name>__mspabi_slli_12</name>
         <value>0xa2fa</value>
         <object_component_ref idref="oc-15d"/>
      </symbol>
      <symbol id="sm-2f7">
         <name>__mspabi_slli_11</name>
         <value>0xa2fc</value>
         <object_component_ref idref="oc-15d"/>
      </symbol>
      <symbol id="sm-2f8">
         <name>__mspabi_slli_10</name>
         <value>0xa2fe</value>
         <object_component_ref idref="oc-15d"/>
      </symbol>
      <symbol id="sm-306">
         <name>__mspabi_slll_9</name>
         <value>0xa100</value>
         <object_component_ref idref="oc-1c6"/>
      </symbol>
      <symbol id="sm-307">
         <name>__mspabi_slll_8</name>
         <value>0xa104</value>
         <object_component_ref idref="oc-1c6"/>
      </symbol>
      <symbol id="sm-308">
         <name>__mspabi_slll_7</name>
         <value>0xa108</value>
         <object_component_ref idref="oc-1c6"/>
      </symbol>
      <symbol id="sm-309">
         <name>__mspabi_slll_6</name>
         <value>0xa10c</value>
         <object_component_ref idref="oc-1c6"/>
      </symbol>
      <symbol id="sm-30a">
         <name>__mspabi_slll_5</name>
         <value>0xa110</value>
         <object_component_ref idref="oc-1c6"/>
      </symbol>
      <symbol id="sm-30b">
         <name>__mspabi_slll_4</name>
         <value>0xa114</value>
         <object_component_ref idref="oc-1c6"/>
      </symbol>
      <symbol id="sm-30c">
         <name>__mspabi_slll_3</name>
         <value>0xa118</value>
         <object_component_ref idref="oc-1c6"/>
      </symbol>
      <symbol id="sm-30d">
         <name>__mspabi_slll_2</name>
         <value>0xa11c</value>
         <object_component_ref idref="oc-1c6"/>
      </symbol>
      <symbol id="sm-30e">
         <name>__mspabi_slll_1</name>
         <value>0xa120</value>
         <object_component_ref idref="oc-1c6"/>
      </symbol>
      <symbol id="sm-30f">
         <name>__mspabi_slll</name>
         <value>0xa48e</value>
         <object_component_ref idref="oc-1d2"/>
      </symbol>
      <symbol id="sm-310">
         <name>__mspabi_slll_15</name>
         <value>0xa0e8</value>
         <object_component_ref idref="oc-1c6"/>
      </symbol>
      <symbol id="sm-311">
         <name>__mspabi_slll_14</name>
         <value>0xa0ec</value>
         <object_component_ref idref="oc-1c6"/>
      </symbol>
      <symbol id="sm-312">
         <name>__mspabi_slll_13</name>
         <value>0xa0f0</value>
         <object_component_ref idref="oc-1c6"/>
      </symbol>
      <symbol id="sm-313">
         <name>__mspabi_slll_12</name>
         <value>0xa0f4</value>
         <object_component_ref idref="oc-1c6"/>
      </symbol>
      <symbol id="sm-314">
         <name>__mspabi_slll_11</name>
         <value>0xa0f8</value>
         <object_component_ref idref="oc-1c6"/>
      </symbol>
      <symbol id="sm-315">
         <name>__mspabi_slll_10</name>
         <value>0xa0fc</value>
         <object_component_ref idref="oc-1c6"/>
      </symbol>
      <symbol id="sm-31c">
         <name>__mspabi_srli_8</name>
         <value>0x9ff8</value>
         <object_component_ref idref="oc-1ce"/>
      </symbol>
      <symbol id="sm-31d">
         <name>__mspabi_srli_9</name>
         <value>0x9ff4</value>
         <object_component_ref idref="oc-1ce"/>
      </symbol>
      <symbol id="sm-31e">
         <name>__mspabi_srli_6</name>
         <value>0xa000</value>
         <object_component_ref idref="oc-1ce"/>
      </symbol>
      <symbol id="sm-31f">
         <name>__mspabi_srli_7</name>
         <value>0x9ffc</value>
         <object_component_ref idref="oc-1ce"/>
      </symbol>
      <symbol id="sm-320">
         <name>__mspabi_srli_4</name>
         <value>0xa008</value>
         <object_component_ref idref="oc-1ce"/>
      </symbol>
      <symbol id="sm-321">
         <name>__mspabi_srli_5</name>
         <value>0xa004</value>
         <object_component_ref idref="oc-1ce"/>
      </symbol>
      <symbol id="sm-322">
         <name>__mspabi_srli_2</name>
         <value>0xa010</value>
         <object_component_ref idref="oc-1ce"/>
      </symbol>
      <symbol id="sm-323">
         <name>__mspabi_srli_3</name>
         <value>0xa00c</value>
         <object_component_ref idref="oc-1ce"/>
      </symbol>
      <symbol id="sm-324">
         <name>__mspabi_srli_1</name>
         <value>0xa014</value>
         <object_component_ref idref="oc-1ce"/>
      </symbol>
      <symbol id="sm-325">
         <name>__mspabi_srli</name>
         <value>0x9fce</value>
         <object_component_ref idref="oc-1ce"/>
      </symbol>
      <symbol id="sm-326">
         <name>__mspabi_srli_15</name>
         <value>0x9fdc</value>
         <object_component_ref idref="oc-1ce"/>
      </symbol>
      <symbol id="sm-327">
         <name>__mspabi_srli_14</name>
         <value>0x9fe0</value>
         <object_component_ref idref="oc-1ce"/>
      </symbol>
      <symbol id="sm-328">
         <name>__mspabi_srli_13</name>
         <value>0x9fe4</value>
         <object_component_ref idref="oc-1ce"/>
      </symbol>
      <symbol id="sm-329">
         <name>__mspabi_srli_12</name>
         <value>0x9fe8</value>
         <object_component_ref idref="oc-1ce"/>
      </symbol>
      <symbol id="sm-32a">
         <name>__mspabi_srli_11</name>
         <value>0x9fec</value>
         <object_component_ref idref="oc-1ce"/>
      </symbol>
      <symbol id="sm-32b">
         <name>__mspabi_srli_10</name>
         <value>0x9ff0</value>
         <object_component_ref idref="oc-1ce"/>
      </symbol>
      <symbol id="sm-339">
         <name>__mspabi_srll_8</name>
         <value>0x9ef4</value>
         <object_component_ref idref="oc-1be"/>
      </symbol>
      <symbol id="sm-33a">
         <name>__mspabi_srll_9</name>
         <value>0x9eee</value>
         <object_component_ref idref="oc-1be"/>
      </symbol>
      <symbol id="sm-33b">
         <name>__mspabi_srll_6</name>
         <value>0x9f00</value>
         <object_component_ref idref="oc-1be"/>
      </symbol>
      <symbol id="sm-33c">
         <name>__mspabi_srll_7</name>
         <value>0x9efa</value>
         <object_component_ref idref="oc-1be"/>
      </symbol>
      <symbol id="sm-33d">
         <name>__mspabi_srll_4</name>
         <value>0x9f0c</value>
         <object_component_ref idref="oc-1be"/>
      </symbol>
      <symbol id="sm-33e">
         <name>__mspabi_srll_5</name>
         <value>0x9f06</value>
         <object_component_ref idref="oc-1be"/>
      </symbol>
      <symbol id="sm-33f">
         <name>__mspabi_srll_2</name>
         <value>0x9f18</value>
         <object_component_ref idref="oc-1be"/>
      </symbol>
      <symbol id="sm-340">
         <name>__mspabi_srll_3</name>
         <value>0x9f12</value>
         <object_component_ref idref="oc-1be"/>
      </symbol>
      <symbol id="sm-341">
         <name>__mspabi_srll_1</name>
         <value>0x9f1e</value>
         <object_component_ref idref="oc-1be"/>
      </symbol>
      <symbol id="sm-342">
         <name>__mspabi_srll_15</name>
         <value>0x9eca</value>
         <object_component_ref idref="oc-1be"/>
      </symbol>
      <symbol id="sm-343">
         <name>__mspabi_srll_14</name>
         <value>0x9ed0</value>
         <object_component_ref idref="oc-1be"/>
      </symbol>
      <symbol id="sm-344">
         <name>__mspabi_srll_13</name>
         <value>0x9ed6</value>
         <object_component_ref idref="oc-1be"/>
      </symbol>
      <symbol id="sm-345">
         <name>__mspabi_srll_12</name>
         <value>0x9edc</value>
         <object_component_ref idref="oc-1be"/>
      </symbol>
      <symbol id="sm-346">
         <name>__mspabi_srll_11</name>
         <value>0x9ee2</value>
         <object_component_ref idref="oc-1be"/>
      </symbol>
      <symbol id="sm-347">
         <name>__mspabi_srll_10</name>
         <value>0x9ee8</value>
         <object_component_ref idref="oc-1be"/>
      </symbol>
      <symbol id="sm-348">
         <name>__mspabi_srll</name>
         <value>0xa45a</value>
         <object_component_ref idref="oc-1d6"/>
      </symbol>
      <symbol id="sm-355">
         <name>memcpy</name>
         <value>0xa46c</value>
         <object_component_ref idref="oc-7c"/>
      </symbol>
      <symbol id="sm-376">
         <name>__mspabi_mpyd</name>
         <value>0x8cc2</value>
         <object_component_ref idref="oc-137"/>
      </symbol>
      <symbol id="sm-37e">
         <name>_system_pre_init</name>
         <value>0xa4d2</value>
         <object_component_ref idref="oc-67"/>
      </symbol>
      <symbol id="sm-391">
         <name>__TI_renormd</name>
         <value>0x9962</value>
         <object_component_ref idref="oc-1de"/>
      </symbol>
      <symbol id="sm-39c">
         <name>sin</name>
         <value>0xa4ae</value>
         <object_component_ref idref="oc-132"/>
      </symbol>
      <symbol id="sm-3c8">
         <name>_Sin</name>
         <value>0x8000</value>
         <object_component_ref idref="oc-16c"/>
      </symbol>
      <symbol id="sm-3ce">
         <name>_Rteps</name>
         <value>0x260</value>
         <object_component_ref idref="oc-19c"/>
      </symbol>
      <symbol id="sm-3cf">
         <name>_Zero</name>
         <value>0x278</value>
         <object_component_ref idref="oc-19c"/>
      </symbol>
      <symbol id="sm-3d0">
         <name>_Hugeval</name>
         <value>0x220</value>
         <object_component_ref idref="oc-19c"/>
      </symbol>
      <symbol id="sm-3d1">
         <name>_Snan</name>
         <value>0x250</value>
         <object_component_ref idref="oc-19c"/>
      </symbol>
      <symbol id="sm-3d2">
         <name>_Nan</name>
         <value>0x240</value>
         <object_component_ref idref="oc-19c"/>
      </symbol>
      <symbol id="sm-3d3">
         <name>_Inf</name>
         <value>0x230</value>
         <object_component_ref idref="oc-19c"/>
      </symbol>
      <symbol id="sm-3d4">
         <name>_Xbig</name>
         <value>0x270</value>
         <object_component_ref idref="oc-19c"/>
      </symbol>
      <symbol id="sm-3d5">
         <name>_Eps</name>
         <value>0x210</value>
         <object_component_ref idref="oc-19c"/>
      </symbol>
      <symbol id="sm-3d6">
         <name>_Denorm</name>
         <value>0x200</value>
         <object_component_ref idref="oc-19c"/>
      </symbol>
      <symbol id="sm-3e5">
         <name>_nop</name>
         <value>0xa4da</value>
         <object_component_ref idref="oc-267"/>
      </symbol>
      <symbol id="sm-3e6">
         <name>_lock</name>
         <value>0x2fe</value>
         <object_component_ref idref="oc-25a"/>
      </symbol>
      <symbol id="sm-3e7">
         <name>_unlock</name>
         <value>0x300</value>
         <object_component_ref idref="oc-25a"/>
      </symbol>
      <symbol id="sm-3f6">
         <name>__mspabi_sral</name>
         <value>0xa47e</value>
         <object_component_ref idref="oc-1da"/>
      </symbol>
      <symbol id="sm-3f7">
         <name>__mspabi_sral_15</name>
         <value>0xa0aa</value>
         <object_component_ref idref="oc-161"/>
      </symbol>
      <symbol id="sm-3f8">
         <name>__mspabi_sral_14</name>
         <value>0xa0ae</value>
         <object_component_ref idref="oc-161"/>
      </symbol>
      <symbol id="sm-3f9">
         <name>__mspabi_sral_13</name>
         <value>0xa0b2</value>
         <object_component_ref idref="oc-161"/>
      </symbol>
      <symbol id="sm-3fa">
         <name>__mspabi_sral_12</name>
         <value>0xa0b6</value>
         <object_component_ref idref="oc-161"/>
      </symbol>
      <symbol id="sm-3fb">
         <name>__mspabi_sral_11</name>
         <value>0xa0ba</value>
         <object_component_ref idref="oc-161"/>
      </symbol>
      <symbol id="sm-3fc">
         <name>__mspabi_sral_10</name>
         <value>0xa0be</value>
         <object_component_ref idref="oc-161"/>
      </symbol>
      <symbol id="sm-3fd">
         <name>__mspabi_sral_8</name>
         <value>0xa0c6</value>
         <object_component_ref idref="oc-161"/>
      </symbol>
      <symbol id="sm-3fe">
         <name>__mspabi_sral_9</name>
         <value>0xa0c2</value>
         <object_component_ref idref="oc-161"/>
      </symbol>
      <symbol id="sm-3ff">
         <name>__mspabi_sral_6</name>
         <value>0xa0ce</value>
         <object_component_ref idref="oc-161"/>
      </symbol>
      <symbol id="sm-400">
         <name>__mspabi_sral_7</name>
         <value>0xa0ca</value>
         <object_component_ref idref="oc-161"/>
      </symbol>
      <symbol id="sm-401">
         <name>__mspabi_sral_4</name>
         <value>0xa0d6</value>
         <object_component_ref idref="oc-161"/>
      </symbol>
      <symbol id="sm-402">
         <name>__mspabi_sral_5</name>
         <value>0xa0d2</value>
         <object_component_ref idref="oc-161"/>
      </symbol>
      <symbol id="sm-403">
         <name>__mspabi_sral_2</name>
         <value>0xa0de</value>
         <object_component_ref idref="oc-161"/>
      </symbol>
      <symbol id="sm-404">
         <name>__mspabi_sral_3</name>
         <value>0xa0da</value>
         <object_component_ref idref="oc-161"/>
      </symbol>
      <symbol id="sm-405">
         <name>__mspabi_sral_1</name>
         <value>0xa0e2</value>
         <object_component_ref idref="oc-161"/>
      </symbol>
      <symbol id="sm-41a">
         <name>_auto_init</name>
         <value>0x9e6c</value>
         <object_component_ref idref="oc-6c"/>
      </symbol>
      <symbol id="sm-436">
         <name>__mspabi_cmpd</name>
         <value>0x92ea</value>
         <object_component_ref idref="oc-19e"/>
      </symbol>
      <symbol id="sm-44d">
         <name>__mspabi_fltlid</name>
         <value>0x9a22</value>
         <object_component_ref idref="oc-1ad"/>
      </symbol>
      <symbol id="sm-471">
         <name>fmod</name>
         <value>0x8f18</value>
         <object_component_ref idref="oc-1a3"/>
      </symbol>
      <symbol id="sm-481">
         <name>__TI_frcmpyd</name>
         <value>0x8474</value>
         <object_component_ref idref="oc-173"/>
      </symbol>
      <symbol id="sm-48d">
         <name>__mspabi_srlll</name>
         <value>0xa01a</value>
         <object_component_ref idref="oc-208"/>
      </symbol>
      <symbol id="sm-496">
         <name>__mspabi_mpyl</name>
         <value>0xa38e</value>
         <object_component_ref idref="oc-1c2"/>
      </symbol>
      <symbol id="sm-49f">
         <name>__mspabi_negd</name>
         <value>0xa314</value>
         <object_component_ref idref="oc-1b2"/>
      </symbol>
      <symbol id="sm-4aa">
         <name>__mspabi_subd</name>
         <value>0xa15e</value>
         <object_component_ref idref="oc-1a8"/>
      </symbol>
      <symbol id="sm-4bc">
         <name>_Dnorm</name>
         <value>0x9422</value>
         <object_component_ref idref="oc-1fe"/>
      </symbol>
      <symbol id="sm-4d9">
         <name>_Dscale</name>
         <value>0x913c</value>
         <object_component_ref idref="oc-203"/>
      </symbol>
      <symbol id="sm-4e9">
         <name>_Dtest</name>
         <value>0x9f26</value>
         <object_component_ref idref="oc-192"/>
      </symbol>
      <symbol id="sm-4f4">
         <name>_Feraise</name>
         <value>0xa200</value>
         <object_component_ref idref="oc-197"/>
      </symbol>
      <symbol id="sm-4fb">
         <name>_Errno</name>
         <value>0x302</value>
         <object_component_ref idref="oc-1f2"/>
      </symbol>
      <symbol id="sm-511">
         <name>feraiseexcept</name>
         <value>0xa262</value>
         <object_component_ref idref="oc-1ed"/>
      </symbol>
      <symbol id="sm-512">
         <name>_Tls_setup__Fenv</name>
         <value>0x2fc</value>
         <object_component_ref idref="oc-22a"/>
      </symbol>
      <symbol id="sm-513">
         <name>_Fenv</name>
         <value>0x2f8</value>
         <object_component_ref idref="oc-22a"/>
      </symbol>
      <symbol id="sm-527">
         <name>raise</name>
         <value>0xa232</value>
         <object_component_ref idref="oc-22c"/>
      </symbol>
      <symbol id="sm-53a">
         <name>signal</name>
         <value>0xa1ca</value>
         <object_component_ref idref="oc-24d"/>
      </symbol>
      <symbol id="sm-53b">
         <name>__TI_exit</name>
         <value>0x1</value>
      </symbol>
      <symbol id="sm-53c">
         <name>__TI_args_main</name>
         <value>0x1</value>
      </symbol>
      <symbol id="sm-53d">
         <name>__TI_INITARRAY_Base</name>
         <value>0x0</value>
      </symbol>
      <symbol id="sm-53e">
         <name>__TI_INITARRAY_Limit</name>
         <value>0x0</value>
      </symbol>
   </symbol_table>
   <title>Link successful</title>
</link_info>
