******************************************************************************
                  MSP430 Linker PC v4.2.1                      
******************************************************************************
>> Linked Wed Apr 16 14:04:28 2014

OUTPUT FILE NAME:   <guitar.out>
ENTRY POINT SYMBOL: "_c_int00"  address: 00008734


MEMORY CONFIGURATION

         name            origin    length      used     unused   attr    fill
----------------------  --------  ---------  --------  --------  ----  --------
  SFR                   00000000   00000010  00000000  00000010  RWIX
  PERIPHERALS_8BIT      00000010   000000f0  00000000  000000f0  RWIX
  PERIPHERALS_16BIT     00000100   00000100  00000000  00000100  RWIX
  RAM                   00000200   00000400  0000006d  00000393  RWIX
  INFOD                 00001000   00000040  00000000  00000040  RWIX
  INFOC                 00001040   00000040  00000000  00000040  RWIX
  INFOB                 00001080   00000040  00000000  00000040  RWIX
  INFOA                 000010c0   00000040  00000000  00000040  RWIX
  FLASH                 00008000   00007fde  000009f2  000075ec  RWIX
  INT00                 0000ffe0   00000002  00000000  00000002  RWIX
  INT01                 0000ffe2   00000002  00000000  00000002  RWIX
  INT02                 0000ffe4   00000002  00000002  00000000  RWIX
  INT03                 0000ffe6   00000002  00000002  00000000  RWIX
  INT04                 0000ffe8   00000002  00000000  00000002  RWIX
  INT05                 0000ffea   00000002  00000002  00000000  RWIX
  INT06                 0000ffec   00000002  00000002  00000000  RWIX
  INT07                 0000ffee   00000002  00000002  00000000  RWIX
  INT08                 0000fff0   00000002  00000002  00000000  RWIX
  INT09                 0000fff2   00000002  00000002  00000000  RWIX
  INT10                 0000fff4   00000002  00000002  00000000  RWIX
  INT11                 0000fff6   00000002  00000000  00000002  RWIX
  INT12                 0000fff8   00000002  00000002  00000000  RWIX
  INT13                 0000fffa   00000002  00000002  00000000  RWIX
  INT14                 0000fffc   00000002  00000002  00000000  RWIX
  RESET                 0000fffe   00000002  00000002  00000000  RWIX


SECTION ALLOCATION MAP

 output                                  attributes/
section   page    origin      length       input sections
--------  ----  ----------  ----------   ----------------
.init_array 
*          0    00008000    00000000     UNINITIALIZED

.data      0    00000200    00000016     UNINITIALIZED
                  00000200    00000016     Guitar_Tuner.obj (.data)

.TI.persistent 
*          0    00000200    00000000     UNINITIALIZED

.bss       0    00000216    00000007     UNINITIALIZED
                  00000216    00000002     (.common:hundredDigit)
                  00000218    00000002     (.common:oneDigit)
                  0000021a    00000002     (.common:tenDigit)
                  0000021c    00000001     (.common:uf_lcd_temp)

.TI.noinit 
*          0    00000216    00000000     UNINITIALIZED

.stack     0    000005b0    00000050     UNINITIALIZED
                  000005b0    00000002     rts430_eabi.lib : boot.obj (.stack)
                  000005b2    0000004e     --HOLE--

.text      0    00008000    0000081a     
                  00008000    00000106     Guitar_Tuner.obj (.text:Timer_B)
                  00008106    000000d4     Guitar_Tuner.obj (.text:show_scale)
                  000081da    000000d2     Guitar_Tuner.obj (.text:print_note)
                  000082ac    000000c2     Guitar_Tuner.obj (.text:main)
                  0000836e    000000ae     Guitar_Tuner.obj (.text:Timer_A)
                  0000841c    0000008a     Guitar_Tuner.obj (.text:lcd_command)
                  000084a6    00000082     Guitar_Tuner.obj (.text:lcd_char)
                  00008528    0000005e     rts430_eabi.lib : copy_decompress_rle.obj (.text:__TI_decompress_rle_core)
                  00008586    0000005e                     : autoinit.obj (.text:_auto_init)
                  000085e4    00000052     Guitar_Tuner.obj (.text:ADC10_ISR)
                  00008636    00000046     Guitar_Tuner.obj (.text:findEarFrequency)
                  0000867c    00000038     Guitar_Tuner.obj (.text:init_spi)
                  000086b4    0000002c     rts430_eabi.lib : asr16.obj (.text)
                  000086e0    0000002c                     : div16s.obj (.text)
                  0000870c    00000028     Guitar_Tuner.obj (.text:lcd_init)
                  00008734    0000001a     rts430_eabi.lib : boot.obj (.text:_c_int00_noexit)
                  0000874e    00000016     Guitar_Tuner.obj (.text:adc_init)
                  00008764    00000016     rts430_eabi.lib : div16u.obj (.text)
                  0000877a    00000014                     : copy_zero_init.obj (.text:decompress:ZI:__TI_zero_init)
                  0000878e    00000014     Guitar_Tuner.obj (.text:init_timerA_interrupt)
                  000087a2    00000014     Guitar_Tuner.obj (.text:init_timerB_interrupt)
                  000087b6    00000012     rts430_eabi.lib : copy_decompress_none.obj (.text:decompress:none:__TI_decompress_none)
                  000087c8    00000012     Guitar_Tuner.obj (.text:init_port_interrupt)
                  000087da    00000012     rts430_eabi.lib : memcpy.obj (.text:memcpy)
                  000087ec    00000010                     : epilog.obj (.text)
                  000087fc    0000000a     Guitar_Tuner.obj (.text:Port_1)
                  00008806    00000006     rts430_eabi.lib : isr_trap.obj (.text:__TI_ISR_TRAP)
                  0000880c    00000006                     : copy_decompress_rle.obj (.text:decompress:rle24:__TI_decompress_rle24)
                  00008812    00000004                     : pre_init.obj (.text:_system_pre_init)
                  00008816    00000004                     : exit.obj (.text:abort)

.const     0    0000881a    000001b6     
                  0000881a    00000192     Guitar_Tuner.obj (.const:waves)
                  000089ac    00000024     Guitar_Tuner.obj (.const)

.cinit     0    000089d0    00000022     
                  000089d0    0000000f     (.cinit..data.load) [load image, compression = rle]
                  000089df    00000001     --HOLE-- [fill = 0]
                  000089e0    00000006     (__TI_handler_table)
                  000089e6    00000004     (.cinit..bss.load) [load image, compression = zero_init]
                  000089ea    00000008     (__TI_cinit_table)

PORT1      0    0000ffe4    00000002     
                  0000ffe4    00000002     Guitar_Tuner.obj (.int02)

PORT2      0    0000ffe6    00000002     
                  0000ffe6    00000002     rts430_eabi.lib : int03.obj (.int03)

ADC10      0    0000ffea    00000002     
                  0000ffea    00000002     Guitar_Tuner.obj (.int05)

USCIAB0TX 
*          0    0000ffec    00000002     
                  0000ffec    00000002     rts430_eabi.lib : int06.obj (.int06)

USCIAB0RX 
*          0    0000ffee    00000002     
                  0000ffee    00000002     rts430_eabi.lib : int07.obj (.int07)

TIMERA1    0    0000fff0    00000002     
                  0000fff0    00000002     rts430_eabi.lib : int08.obj (.int08)

TIMERA0    0    0000fff2    00000002     
                  0000fff2    00000002     Guitar_Tuner.obj (.int09)

WDT        0    0000fff4    00000002     
                  0000fff4    00000002     rts430_eabi.lib : int10.obj (.int10)

TIMERB1    0    0000fff8    00000002     
                  0000fff8    00000002     rts430_eabi.lib : int12.obj (.int12)

TIMERB0    0    0000fffa    00000002     
                  0000fffa    00000002     Guitar_Tuner.obj (.int13)

NMI        0    0000fffc    00000002     
                  0000fffc    00000002     rts430_eabi.lib : int14.obj (.int14)

.reset     0    0000fffe    00000002     
                  0000fffe    00000002     rts430_eabi.lib : boot.obj (.reset)


LINKER GENERATED COPY TABLES

__TI_cinit_table @ 000089ea records: 2, size/record: 4, table size: 8
	.data: load addr=000089d0, load size=0000000f bytes, run addr=00000200, run size=00000016 bytes, compression=rle
	.bss: load addr=000089e6, load size=00000004 bytes, run addr=00000216, run size=00000007 bytes, compression=zero_init


LINKER GENERATED HANDLER TABLE

__TI_handler_table @ 000089e0 records: 3, size/record: 2, table size: 6
	index: 0, handler: __TI_zero_init
	index: 1, handler: __TI_decompress_rle24
	index: 2, handler: __TI_decompress_none


GLOBAL SYMBOLS: SORTED ALPHABETICALLY BY Name 

address    name
--------   ----
000089ba   A
0000004a   ADC10AE0
0000004b   ADC10AE1
000001b0   ADC10CTL0
000001b2   ADC10CTL1
00000048   ADC10DTC0
00000049   ADC10DTC1
000001b4   ADC10MEM
000001bc   ADC10SA
000085e4   ADC10_ISR
000089c0   B
00000057   BCSCTL1
00000058   BCSCTL2
00000053   BCSCTL3
00008816   C$$EXIT
000010fb   CALBC1_12MHZ
000010f9   CALBC1_16MHZ
000010ff   CALBC1_1MHZ
000010fd   CALBC1_8MHZ
000010fa   CALDCO_12MHZ
000010f8   CALDCO_16MHZ
000010fe   CALDCO_1MHZ
000010fc   CALDCO_8MHZ
000089bc   D
00000056   DCOCTL
00000128   FCTL1
0000012a   FCTL2
0000012c   FCTL3
000089be   G
00000000   IE1
00000001   IE2
00000002   IFG1
00000003   IFG2
000000c0   OA0CTL0
000000c1   OA0CTL1
000000c2   OA1CTL0
000000c3   OA1CTL1
00000022   P1DIR
00000025   P1IE
00000024   P1IES
00000023   P1IFG
00000020   P1IN
00000021   P1OUT
00000027   P1REN
00000026   P1SEL
0000002a   P2DIR
0000002d   P2IE
0000002c   P2IES
0000002b   P2IFG
00000028   P2IN
00000029   P2OUT
0000002f   P2REN
0000002e   P2SEL
0000001a   P3DIR
00000018   P3IN
00000019   P3OUT
00000010   P3REN
0000001b   P3SEL
0000001e   P4DIR
0000001c   P4IN
0000001d   P4OUT
00000011   P4REN
0000001f   P4SEL
000087fc   Port_1
00000172   TACCR0
00000174   TACCR1
00000176   TACCR2
00000162   TACCTL0
00000164   TACCTL1
00000166   TACCTL2
00000160   TACTL
0000012e   TAIV
00000170   TAR
00000192   TBCCR0
00000194   TBCCR1
00000196   TBCCR2
00000182   TBCCTL0
00000184   TBCCTL1
00000186   TBCCTL2
00000180   TBCTL
0000011e   TBIV
00000190   TBR
0000836e   Timer_A
00008000   Timer_B
0000005d   UCA0ABCTL
00000062   UCA0BR0
00000063   UCA0BR1
00000060   UCA0CTL0
00000061   UCA0CTL1
0000005f   UCA0IRRCTL
0000005e   UCA0IRTCTL
00000064   UCA0MCTL
00000066   UCA0RXBUF
00000065   UCA0STAT
00000067   UCA0TXBUF
0000006a   UCB0BR0
0000006b   UCB0BR1
00000068   UCB0CTL0
00000069   UCB0CTL1
0000006c   UCB0I2CIE
00000118   UCB0I2COA
0000011a   UCB0I2CSA
0000006e   UCB0RXBUF
0000006d   UCB0STAT
0000006f   UCB0TXBUF
00000120   WDTCTL
00000600   __STACK_END
00000050   __STACK_SIZE
000089ea   __TI_CINIT_Base
000089f2   __TI_CINIT_Limit
000089e0   __TI_Handler_Table_Base
000089e6   __TI_Handler_Table_Limit
UNDEFED    __TI_INITARRAY_Base
UNDEFED    __TI_INITARRAY_Limit
00008806   __TI_ISR_TRAP
00000001   __TI_args_main
000087b6   __TI_decompress_none
0000880c   __TI_decompress_rle24
00000001   __TI_exit
0000ffe4   __TI_int02
0000ffe6   __TI_int03
0000ffea   __TI_int05
0000ffec   __TI_int06
0000ffee   __TI_int07
0000fff0   __TI_int08
0000fff2   __TI_int09
0000fff4   __TI_int10
0000fff8   __TI_int12
0000fffa   __TI_int13
0000fffc   __TI_int14
0000877a   __TI_zero_init
ffffffff   __binit__
ffffffff   __c_args__
000086e0   __mspabi_divi
00008764   __mspabi_divu
000087f8   __mspabi_func_epilog_1
000087f6   __mspabi_func_epilog_2
000087f4   __mspabi_func_epilog_3
000087f2   __mspabi_func_epilog_4
000087f0   __mspabi_func_epilog_5
000087ee   __mspabi_func_epilog_6
000087ec   __mspabi_func_epilog_7
000086e0   __mspabi_remi
00008764   __mspabi_remu
000086b4   __mspabi_srai
000086dc   __mspabi_srai_1
000086ca   __mspabi_srai_10
000086c8   __mspabi_srai_11
000086c6   __mspabi_srai_12
000086c4   __mspabi_srai_13
000086c2   __mspabi_srai_14
000086c0   __mspabi_srai_15
000086da   __mspabi_srai_2
000086d8   __mspabi_srai_3
000086d6   __mspabi_srai_4
000086d4   __mspabi_srai_5
000086d2   __mspabi_srai_6
000086d0   __mspabi_srai_7
000086ce   __mspabi_srai_8
000086cc   __mspabi_srai_9
00008586   _auto_init
00008734   _c_int00
00008734   _c_int00_noexit
0000fffe   _reset_vector
000005b0   _stack
00008812   _system_pre_init
00008816   abort
0000874e   adc_init
000089c6   afreq
000089cc   bfreq
ffffffff   binit
00000212   control
000089c8   dfreq
00000206   differential
00008636   findEarFrequency
00000202   frequencyMatch
000089ca   gfreq
000089ce   hefreq
000089c2   high_E
00000216   hundredDigit
00000210   index
000087c8   init_port_interrupt
0000867c   init_spi
0000878e   init_timerA_interrupt
000087a2   init_timerB_interrupt
000084a6   lcd_char
0000841c   lcd_command
0000870c   lcd_init
000089c4   lefreq
000089ae   left
000089b0   leftMiddle
000089b8   low_E
000082ac   main
000087da   memcpy
000089b2   middle
00000204   msCounter
0000020a   new_read
00000218   oneDigit
00000208   previous_read
000081da   print_note
000089ac   readings
000089b6   right
000089b4   rightMiddle
00000214   samples
00008106   show_scale
0000020e   spi_freq
0000021a   tenDigit
0000021c   uf_lcd_temp
0000020c   updateRead
0000881a   waves
00000200   zeroCrossing


GLOBAL SYMBOLS: SORTED BY Symbol Address 

address    name
--------   ----
00000000   IE1
00000001   IE2
00000001   __TI_args_main
00000001   __TI_exit
00000002   IFG1
00000003   IFG2
00000010   P3REN
00000011   P4REN
00000018   P3IN
00000019   P3OUT
0000001a   P3DIR
0000001b   P3SEL
0000001c   P4IN
0000001d   P4OUT
0000001e   P4DIR
0000001f   P4SEL
00000020   P1IN
00000021   P1OUT
00000022   P1DIR
00000023   P1IFG
00000024   P1IES
00000025   P1IE
00000026   P1SEL
00000027   P1REN
00000028   P2IN
00000029   P2OUT
0000002a   P2DIR
0000002b   P2IFG
0000002c   P2IES
0000002d   P2IE
0000002e   P2SEL
0000002f   P2REN
00000048   ADC10DTC0
00000049   ADC10DTC1
0000004a   ADC10AE0
0000004b   ADC10AE1
00000050   __STACK_SIZE
00000053   BCSCTL3
00000056   DCOCTL
00000057   BCSCTL1
00000058   BCSCTL2
0000005d   UCA0ABCTL
0000005e   UCA0IRTCTL
0000005f   UCA0IRRCTL
00000060   UCA0CTL0
00000061   UCA0CTL1
00000062   UCA0BR0
00000063   UCA0BR1
00000064   UCA0MCTL
00000065   UCA0STAT
00000066   UCA0RXBUF
00000067   UCA0TXBUF
00000068   UCB0CTL0
00000069   UCB0CTL1
0000006a   UCB0BR0
0000006b   UCB0BR1
0000006c   UCB0I2CIE
0000006d   UCB0STAT
0000006e   UCB0RXBUF
0000006f   UCB0TXBUF
000000c0   OA0CTL0
000000c1   OA0CTL1
000000c2   OA1CTL0
000000c3   OA1CTL1
00000118   UCB0I2COA
0000011a   UCB0I2CSA
0000011e   TBIV
00000120   WDTCTL
00000128   FCTL1
0000012a   FCTL2
0000012c   FCTL3
0000012e   TAIV
00000160   TACTL
00000162   TACCTL0
00000164   TACCTL1
00000166   TACCTL2
00000170   TAR
00000172   TACCR0
00000174   TACCR1
00000176   TACCR2
00000180   TBCTL
00000182   TBCCTL0
00000184   TBCCTL1
00000186   TBCCTL2
00000190   TBR
00000192   TBCCR0
00000194   TBCCR1
00000196   TBCCR2
000001b0   ADC10CTL0
000001b2   ADC10CTL1
000001b4   ADC10MEM
000001bc   ADC10SA
00000200   zeroCrossing
00000202   frequencyMatch
00000204   msCounter
00000206   differential
00000208   previous_read
0000020a   new_read
0000020c   updateRead
0000020e   spi_freq
00000210   index
00000212   control
00000214   samples
00000216   hundredDigit
00000218   oneDigit
0000021a   tenDigit
0000021c   uf_lcd_temp
000005b0   _stack
00000600   __STACK_END
000010f8   CALDCO_16MHZ
000010f9   CALBC1_16MHZ
000010fa   CALDCO_12MHZ
000010fb   CALBC1_12MHZ
000010fc   CALDCO_8MHZ
000010fd   CALBC1_8MHZ
000010fe   CALDCO_1MHZ
000010ff   CALBC1_1MHZ
00008000   Timer_B
00008106   show_scale
000081da   print_note
000082ac   main
0000836e   Timer_A
0000841c   lcd_command
000084a6   lcd_char
00008586   _auto_init
000085e4   ADC10_ISR
00008636   findEarFrequency
0000867c   init_spi
000086b4   __mspabi_srai
000086c0   __mspabi_srai_15
000086c2   __mspabi_srai_14
000086c4   __mspabi_srai_13
000086c6   __mspabi_srai_12
000086c8   __mspabi_srai_11
000086ca   __mspabi_srai_10
000086cc   __mspabi_srai_9
000086ce   __mspabi_srai_8
000086d0   __mspabi_srai_7
000086d2   __mspabi_srai_6
000086d4   __mspabi_srai_5
000086d6   __mspabi_srai_4
000086d8   __mspabi_srai_3
000086da   __mspabi_srai_2
000086dc   __mspabi_srai_1
000086e0   __mspabi_divi
000086e0   __mspabi_remi
0000870c   lcd_init
00008734   _c_int00
00008734   _c_int00_noexit
0000874e   adc_init
00008764   __mspabi_divu
00008764   __mspabi_remu
0000877a   __TI_zero_init
0000878e   init_timerA_interrupt
000087a2   init_timerB_interrupt
000087b6   __TI_decompress_none
000087c8   init_port_interrupt
000087da   memcpy
000087ec   __mspabi_func_epilog_7
000087ee   __mspabi_func_epilog_6
000087f0   __mspabi_func_epilog_5
000087f2   __mspabi_func_epilog_4
000087f4   __mspabi_func_epilog_3
000087f6   __mspabi_func_epilog_2
000087f8   __mspabi_func_epilog_1
000087fc   Port_1
00008806   __TI_ISR_TRAP
0000880c   __TI_decompress_rle24
00008812   _system_pre_init
00008816   C$$EXIT
00008816   abort
0000881a   waves
000089ac   readings
000089ae   left
000089b0   leftMiddle
000089b2   middle
000089b4   rightMiddle
000089b6   right
000089b8   low_E
000089ba   A
000089bc   D
000089be   G
000089c0   B
000089c2   high_E
000089c4   lefreq
000089c6   afreq
000089c8   dfreq
000089ca   gfreq
000089cc   bfreq
000089ce   hefreq
000089e0   __TI_Handler_Table_Base
000089e6   __TI_Handler_Table_Limit
000089ea   __TI_CINIT_Base
000089f2   __TI_CINIT_Limit
0000ffe4   __TI_int02
0000ffe6   __TI_int03
0000ffea   __TI_int05
0000ffec   __TI_int06
0000ffee   __TI_int07
0000fff0   __TI_int08
0000fff2   __TI_int09
0000fff4   __TI_int10
0000fff8   __TI_int12
0000fffa   __TI_int13
0000fffc   __TI_int14
0000fffe   _reset_vector
ffffffff   __binit__
ffffffff   __c_args__
ffffffff   binit
UNDEFED    __TI_INITARRAY_Base
UNDEFED    __TI_INITARRAY_Limit

[211 symbols]
