******************************************************************************
                  MSP430 Linker PC v4.2.1                      
******************************************************************************
>> Linked Sun Apr 13 16:40:30 2014

OUTPUT FILE NAME:   <guitar.out>
ENTRY POINT SYMBOL: "_c_int00"  address: 0000a3b4


MEMORY CONFIGURATION

         name            origin    length      used     unused   attr    fill
----------------------  --------  ---------  --------  --------  ----  --------
  SFR                   00000000   00000010  00000000  00000010  RWIX
  PERIPHERALS_8BIT      00000010   000000f0  00000000  000000f0  RWIX
  PERIPHERALS_16BIT     00000100   00000100  00000000  00000100  RWIX
  RAM                   00000200   00000400  000001bf  00000241  RWIX
  INFOD                 00001000   00000040  00000000  00000040  RWIX
  INFOC                 00001040   00000040  00000000  00000040  RWIX
  INFOB                 00001080   00000040  00000000  00000040  RWIX
  INFOA                 000010c0   00000040  00000000  00000040  RWIX
  FLASH                 00008000   00007fde  0000259c  00005a42  RWIX
  INT00                 0000ffe0   00000002  00000000  00000002  RWIX
  INT01                 0000ffe2   00000002  00000000  00000002  RWIX
  INT02                 0000ffe4   00000002  00000002  00000000  RWIX
  INT03                 0000ffe6   00000002  00000002  00000000  RWIX
  INT04                 0000ffe8   00000002  00000000  00000002  RWIX
  INT05                 0000ffea   00000002  00000002  00000000  RWIX
  INT06                 0000ffec   00000002  00000002  00000000  RWIX
  INT07                 0000ffee   00000002  00000002  00000000  RWIX
  INT08                 0000fff0   00000002  00000002  00000000  RWIX
  INT09                 0000fff2   00000002  00000002  00000000  RWIX
  INT10                 0000fff4   00000002  00000002  00000000  RWIX
  INT11                 0000fff6   00000002  00000000  00000002  RWIX
  INT12                 0000fff8   00000002  00000002  00000000  RWIX
  INT13                 0000fffa   00000002  00000002  00000000  RWIX
  INT14                 0000fffc   00000002  00000002  00000000  RWIX
  RESET                 0000fffe   00000002  00000002  00000000  RWIX


SECTION ALLOCATION MAP

 output                                  attributes/
section   page    origin      length       input sections
--------  ----  ----------  ----------   ----------------
.init_array 
*          0    00008000    00000000     UNINITIALIZED

.data      0    00000200    00000104     UNINITIALIZED
                  00000200    00000080     rts430_eabi.lib : xvalues.obj (.data)
                  00000280    00000058                     : signal.obj (.data:sigtable)
                  000002d8    00000020     Guitar_Tuner.obj (.data)
                  000002f8    00000006     rts430_eabi.lib : feraiseexcept.obj (.data)
                  000002fe    00000004                     : _lock.obj (.data)
                  00000302    00000002                     : errno.obj (.data)

.TI.persistent 
*          0    00000200    00000000     UNINITIALIZED

.bss       0    00000304    0000006b     UNINITIALIZED
                  00000304    00000064     (.common:waves)
                  00000368    00000002     (.common:hundredDigit)
                  0000036a    00000002     (.common:oneDigit)
                  0000036c    00000002     (.common:tenDigit)
                  0000036e    00000001     (.common:uf_lcd_temp)

.TI.noinit 
*          0    00000304    00000000     UNINITIALIZED

.stack     0    000005b0    00000050     UNINITIALIZED
                  000005b0    00000002     rts430_eabi.lib : boot.obj (.stack)
                  000005b2    0000004e     --HOLE--

.text      0    00008000    000024dc     
                  00008000    00000474     rts430_eabi.lib : xsin.obj (.text:_Sin)
                  00008474    000002f8                     : frcmpyd.obj (.text:__TI_frcmpyd)
                  0000876c    000002e8                     : addd.obj (.text:__mspabi_addd)
                  00008a54    0000026e                     : frcaddd.obj (.text:__TI_frcaddd)
                  00008cc2    00000256                     : mpyd.obj (.text:__mspabi_mpyd)
                  00008f18    00000224                     : fmod.obj (.text:fmod)
                  0000913c    000001ae                     : xdscale.obj (.text:_Dscale)
                  000092ea    00000138                     : cmpd.obj (.text:__mspabi_cmpd)
                  00009422    00000110                     : xdnorm.obj (.text:_Dnorm)
                  00009532    00000106     Guitar_Tuner.obj (.text:Timer_B)
                  00009638    000000d4     Guitar_Tuner.obj (.text:show_scale)
                  0000970c    000000d2     Guitar_Tuner.obj (.text:print_note)
                  000097de    000000c2     Guitar_Tuner.obj (.text:main)
                  000098a0    000000c2     rts430_eabi.lib : fs_mpy.obj (.text)
                  00009962    000000c0                     : renormd.obj (.text:__TI_renormd)
                  00009a22    000000b0                     : fltlid.obj (.text:__mspabi_fltlid)
                  00009ad2    000000ae     Guitar_Tuner.obj (.text:Timer_A)
                  00009b80    0000008a     Guitar_Tuner.obj (.text:lcd_command)
                  00009c0a    00000088     rts430_eabi.lib : fixdli.obj (.text:__mspabi_fixdli)
                  00009c92    00000082     Guitar_Tuner.obj (.text:lcd_char)
                  00009d14    00000080     rts430_eabi.lib : cvtfd.obj (.text:__mspabi_cvtfd)
                  00009d94    0000007a     Guitar_Tuner.obj (.text:init_sin)
                  00009e0e    0000005e     rts430_eabi.lib : copy_decompress_rle.obj (.text:__TI_decompress_rle_core)
                  00009e6c    0000005e                     : autoinit.obj (.text:_auto_init)
                  00009eca    0000005c                     : lsr32.obj (.text:l_lsr_const)
                  00009f26    00000056                     : xdtest.obj (.text:_Dtest)
                  00009f7c    00000052     Guitar_Tuner.obj (.text:ADC10_ISR)
                  00009fce    0000004c     rts430_eabi.lib : lsr16.obj (.text)
                  0000a01a    0000004a                     : llmath.obj (.text:__mspabi_srlll)
                  0000a064    00000046     Guitar_Tuner.obj (.text:findEarFrequency)
                  0000a0aa    0000003e     rts430_eabi.lib : asr32.obj (.text:l_asr_const)
                  0000a0e8    0000003e                     : lsl32.obj (.text:l_lsl_const)
                  0000a126    00000038     Guitar_Tuner.obj (.text:init_spi)
                  0000a15e    00000036     rts430_eabi.lib : subd.obj (.text:__mspabi_subd)
                  0000a194    00000036                     : fs_itof.obj (.text)
                  0000a1ca    00000036                     : signal.obj (.text:signal)
                  0000a200    00000032                     : xferaise.obj (.text:_Feraise)
                  0000a232    00000030                     : raise.obj (.text:raise)
                  0000a262    0000002e                     : feraiseexcept.obj (.text:feraiseexcept)
                  0000a290    0000002c                     : asr16.obj (.text)
                  0000a2bc    0000002c                     : div16s.obj (.text)
                  0000a2e8    0000002c                     : lsl16.obj (.text)
                  0000a314    0000002a                     : negd.obj (.text:__mspabi_negd)
                  0000a33e    00000028                     : fixdi.obj (.text:__mspabi_fixdi)
                  0000a366    00000028     Guitar_Tuner.obj (.text:lcd_init)
                  0000a38e    00000026     rts430_eabi.lib : mult32.obj (.text)
                  0000a3b4    0000001a                     : boot.obj (.text:_c_int00_noexit)
                  0000a3ce    00000016     Guitar_Tuner.obj (.text:adc_init)
                  0000a3e4    00000016     rts430_eabi.lib : div16u.obj (.text)
                  0000a3fa    00000014                     : copy_zero_init.obj (.text:decompress:ZI:__TI_zero_init)
                  0000a40e    00000014     Guitar_Tuner.obj (.text:init_timerA_interrupt)
                  0000a422    00000014     Guitar_Tuner.obj (.text:init_timerB_interrupt)
                  0000a436    00000012     rts430_eabi.lib : copy_decompress_none.obj (.text:decompress:none:__TI_decompress_none)
                  0000a448    00000012     Guitar_Tuner.obj (.text:init_port_interrupt)
                  0000a45a    00000012     rts430_eabi.lib : lsr32.obj (.text:l_lsr)
                  0000a46c    00000012                     : memcpy.obj (.text:memcpy)
                  0000a47e    00000010                     : asr32.obj (.text:l_asr)
                  0000a48e    00000010                     : lsl32.obj (.text:l_lsl)
                  0000a49e    00000010                     : epilog.obj (.text)
                  0000a4ae    0000000e                     : sin.obj (.text:sin)
                  0000a4bc    0000000a     Guitar_Tuner.obj (.text:Port_1)
                  0000a4c6    00000006     rts430_eabi.lib : isr_trap.obj (.text:__TI_ISR_TRAP)
                  0000a4cc    00000006                     : copy_decompress_rle.obj (.text:decompress:rle24:__TI_decompress_rle24)
                  0000a4d2    00000004                     : pre_init.obj (.text:_system_pre_init)
                  0000a4d6    00000004                     : exit.obj (.text:abort)
                  0000a4da    00000002                     : _lock.obj (.text:_nop)

.const     0    0000a4dc    0000006c     
                  0000a4dc    00000030     rts430_eabi.lib : xsin.obj (.const:c)
                  0000a50c    00000030                     : xsin.obj (.const:s)
                  0000a53c    0000000c     Guitar_Tuner.obj (.const)

.cinit     0    0000a548    00000054     
                  0000a548    00000041     (.cinit..data.load) [load image, compression = rle]
                  0000a589    00000001     --HOLE-- [fill = 0]
                  0000a58a    00000006     (__TI_handler_table)
                  0000a590    00000004     (.cinit..bss.load) [load image, compression = zero_init]
                  0000a594    00000008     (__TI_cinit_table)

PORT1      0    0000ffe4    00000002     
                  0000ffe4    00000002     Guitar_Tuner.obj (.int02)

PORT2      0    0000ffe6    00000002     
                  0000ffe6    00000002     rts430_eabi.lib : int03.obj (.int03)

ADC10      0    0000ffea    00000002     
                  0000ffea    00000002     Guitar_Tuner.obj (.int05)

USCIAB0TX 
*          0    0000ffec    00000002     
                  0000ffec    00000002     rts430_eabi.lib : int06.obj (.int06)

USCIAB0RX 
*          0    0000ffee    00000002     
                  0000ffee    00000002     rts430_eabi.lib : int07.obj (.int07)

TIMERA1    0    0000fff0    00000002     
                  0000fff0    00000002     rts430_eabi.lib : int08.obj (.int08)

TIMERA0    0    0000fff2    00000002     
                  0000fff2    00000002     Guitar_Tuner.obj (.int09)

WDT        0    0000fff4    00000002     
                  0000fff4    00000002     rts430_eabi.lib : int10.obj (.int10)

TIMERB1    0    0000fff8    00000002     
                  0000fff8    00000002     rts430_eabi.lib : int12.obj (.int12)

TIMERB0    0    0000fffa    00000002     
                  0000fffa    00000002     Guitar_Tuner.obj (.int13)

NMI        0    0000fffc    00000002     
                  0000fffc    00000002     rts430_eabi.lib : int14.obj (.int14)

.reset     0    0000fffe    00000002     
                  0000fffe    00000002     rts430_eabi.lib : boot.obj (.reset)


LINKER GENERATED COPY TABLES

__TI_cinit_table @ 0000a594 records: 2, size/record: 4, table size: 8
	.data: load addr=0000a548, load size=00000041 bytes, run addr=00000200, run size=00000104 bytes, compression=rle
	.bss: load addr=0000a590, load size=00000004 bytes, run addr=00000304, run size=0000006b bytes, compression=zero_init


LINKER GENERATED HANDLER TABLE

__TI_handler_table @ 0000a58a records: 3, size/record: 2, table size: 6
	index: 0, handler: __TI_zero_init
	index: 1, handler: __TI_decompress_rle24
	index: 2, handler: __TI_decompress_none


GLOBAL SYMBOLS: SORTED ALPHABETICALLY BY Name 

address    name
--------   ----
0000a53e   A
0000004a   ADC10AE0
0000004b   ADC10AE1
000001b0   ADC10CTL0
000001b2   ADC10CTL1
00000048   ADC10DTC0
00000049   ADC10DTC1
000001b4   ADC10MEM
000001bc   ADC10SA
00009f7c   ADC10_ISR
0000a544   B
00000057   BCSCTL1
00000058   BCSCTL2
00000053   BCSCTL3
0000a4d6   C$$EXIT
000010fb   CALBC1_12MHZ
000010f9   CALBC1_16MHZ
000010ff   CALBC1_1MHZ
000010fd   CALBC1_8MHZ
000010fa   CALDCO_12MHZ
000010f8   CALDCO_16MHZ
000010fe   CALDCO_1MHZ
000010fc   CALDCO_8MHZ
0000a540   D
00000056   DCOCTL
00000128   FCTL1
0000012a   FCTL2
0000012c   FCTL3
0000a542   G
00000000   IE1
00000001   IE2
00000002   IFG1
00000003   IFG2
000000c0   OA0CTL0
000000c1   OA0CTL1
000000c2   OA1CTL0
000000c3   OA1CTL1
00000022   P1DIR
00000025   P1IE
00000024   P1IES
00000023   P1IFG
00000020   P1IN
00000021   P1OUT
00000027   P1REN
00000026   P1SEL
0000002a   P2DIR
0000002d   P2IE
0000002c   P2IES
0000002b   P2IFG
00000028   P2IN
00000029   P2OUT
0000002f   P2REN
0000002e   P2SEL
0000001a   P3DIR
00000018   P3IN
00000019   P3OUT
00000010   P3REN
0000001b   P3SEL
0000001e   P4DIR
0000001c   P4IN
0000001d   P4OUT
00000011   P4REN
0000001f   P4SEL
0000a4bc   Port_1
00000172   TACCR0
00000174   TACCR1
00000176   TACCR2
00000162   TACCTL0
00000164   TACCTL1
00000166   TACCTL2
00000160   TACTL
0000012e   TAIV
00000170   TAR
00000192   TBCCR0
00000194   TBCCR1
00000196   TBCCR2
00000182   TBCCTL0
00000184   TBCCTL1
00000186   TBCCTL2
00000180   TBCTL
0000011e   TBIV
00000190   TBR
00009ad2   Timer_A
00009532   Timer_B
0000005d   UCA0ABCTL
00000062   UCA0BR0
00000063   UCA0BR1
00000060   UCA0CTL0
00000061   UCA0CTL1
0000005f   UCA0IRRCTL
0000005e   UCA0IRTCTL
00000064   UCA0MCTL
00000066   UCA0RXBUF
00000065   UCA0STAT
00000067   UCA0TXBUF
0000006a   UCB0BR0
0000006b   UCB0BR1
00000068   UCB0CTL0
00000069   UCB0CTL1
0000006c   UCB0I2CIE
00000118   UCB0I2COA
0000011a   UCB0I2CSA
0000006e   UCB0RXBUF
0000006d   UCB0STAT
0000006f   UCB0TXBUF
00000120   WDTCTL
00000200   _Denorm
00009422   _Dnorm
0000913c   _Dscale
00009f26   _Dtest
00000210   _Eps
00000302   _Errno
000002f8   _Fenv
0000a200   _Feraise
00000220   _Hugeval
00000230   _Inf
00000240   _Nan
00000260   _Rteps
00008000   _Sin
00000250   _Snan
000002fc   _Tls_setup__Fenv
00000270   _Xbig
00000278   _Zero
00000600   __STACK_END
00000050   __STACK_SIZE
0000a594   __TI_CINIT_Base
0000a59c   __TI_CINIT_Limit
0000a58a   __TI_Handler_Table_Base
0000a590   __TI_Handler_Table_Limit
UNDEFED    __TI_INITARRAY_Base
UNDEFED    __TI_INITARRAY_Limit
0000a4c6   __TI_ISR_TRAP
00000001   __TI_args_main
0000a436   __TI_decompress_none
0000a4cc   __TI_decompress_rle24
00000001   __TI_exit
00008a54   __TI_frcaddd
00008474   __TI_frcmpyd
0000ffe4   __TI_int02
0000ffe6   __TI_int03
0000ffea   __TI_int05
0000ffec   __TI_int06
0000ffee   __TI_int07
0000fff0   __TI_int08
0000fff2   __TI_int09
0000fff4   __TI_int10
0000fff8   __TI_int12
0000fffa   __TI_int13
0000fffc   __TI_int14
00009962   __TI_renormd
0000a3fa   __TI_zero_init
ffffffff   __binit__
ffffffff   __c_args__
0000876c   __mspabi_addd
000092ea   __mspabi_cmpd
00009d14   __mspabi_cvtfd
0000a2bc   __mspabi_divi
0000a3e4   __mspabi_divu
0000a33e   __mspabi_fixdi
00009c0a   __mspabi_fixdli
0000a194   __mspabi_fltif
00009a22   __mspabi_fltlid
0000a4aa   __mspabi_func_epilog_1
0000a4a8   __mspabi_func_epilog_2
0000a4a6   __mspabi_func_epilog_3
0000a4a4   __mspabi_func_epilog_4
0000a4a2   __mspabi_func_epilog_5
0000a4a0   __mspabi_func_epilog_6
0000a49e   __mspabi_func_epilog_7
00008cc2   __mspabi_mpyd
000098a0   __mspabi_mpyf
0000a38e   __mspabi_mpyl
0000a314   __mspabi_negd
0000a2bc   __mspabi_remi
0000a3e4   __mspabi_remu
0000a2e8   __mspabi_slli
0000a310   __mspabi_slli_1
0000a2fe   __mspabi_slli_10
0000a2fc   __mspabi_slli_11
0000a2fa   __mspabi_slli_12
0000a2f8   __mspabi_slli_13
0000a2f6   __mspabi_slli_14
0000a2f4   __mspabi_slli_15
0000a30e   __mspabi_slli_2
0000a30c   __mspabi_slli_3
0000a30a   __mspabi_slli_4
0000a308   __mspabi_slli_5
0000a306   __mspabi_slli_6
0000a304   __mspabi_slli_7
0000a302   __mspabi_slli_8
0000a300   __mspabi_slli_9
0000a48e   __mspabi_slll
0000a120   __mspabi_slll_1
0000a0fc   __mspabi_slll_10
0000a0f8   __mspabi_slll_11
0000a0f4   __mspabi_slll_12
0000a0f0   __mspabi_slll_13
0000a0ec   __mspabi_slll_14
0000a0e8   __mspabi_slll_15
0000a11c   __mspabi_slll_2
0000a118   __mspabi_slll_3
0000a114   __mspabi_slll_4
0000a110   __mspabi_slll_5
0000a10c   __mspabi_slll_6
0000a108   __mspabi_slll_7
0000a104   __mspabi_slll_8
0000a100   __mspabi_slll_9
0000a290   __mspabi_srai
0000a2b8   __mspabi_srai_1
0000a2a6   __mspabi_srai_10
0000a2a4   __mspabi_srai_11
0000a2a2   __mspabi_srai_12
0000a2a0   __mspabi_srai_13
0000a29e   __mspabi_srai_14
0000a29c   __mspabi_srai_15
0000a2b6   __mspabi_srai_2
0000a2b4   __mspabi_srai_3
0000a2b2   __mspabi_srai_4
0000a2b0   __mspabi_srai_5
0000a2ae   __mspabi_srai_6
0000a2ac   __mspabi_srai_7
0000a2aa   __mspabi_srai_8
0000a2a8   __mspabi_srai_9
0000a47e   __mspabi_sral
0000a0e2   __mspabi_sral_1
0000a0be   __mspabi_sral_10
0000a0ba   __mspabi_sral_11
0000a0b6   __mspabi_sral_12
0000a0b2   __mspabi_sral_13
0000a0ae   __mspabi_sral_14
0000a0aa   __mspabi_sral_15
0000a0de   __mspabi_sral_2
0000a0da   __mspabi_sral_3
0000a0d6   __mspabi_sral_4
0000a0d2   __mspabi_sral_5
0000a0ce   __mspabi_sral_6
0000a0ca   __mspabi_sral_7
0000a0c6   __mspabi_sral_8
0000a0c2   __mspabi_sral_9
00009fce   __mspabi_srli
0000a014   __mspabi_srli_1
00009ff0   __mspabi_srli_10
00009fec   __mspabi_srli_11
00009fe8   __mspabi_srli_12
00009fe4   __mspabi_srli_13
00009fe0   __mspabi_srli_14
00009fdc   __mspabi_srli_15
0000a010   __mspabi_srli_2
0000a00c   __mspabi_srli_3
0000a008   __mspabi_srli_4
0000a004   __mspabi_srli_5
0000a000   __mspabi_srli_6
00009ffc   __mspabi_srli_7
00009ff8   __mspabi_srli_8
00009ff4   __mspabi_srli_9
0000a45a   __mspabi_srll
00009f1e   __mspabi_srll_1
00009ee8   __mspabi_srll_10
00009ee2   __mspabi_srll_11
00009edc   __mspabi_srll_12
00009ed6   __mspabi_srll_13
00009ed0   __mspabi_srll_14
00009eca   __mspabi_srll_15
00009f18   __mspabi_srll_2
00009f12   __mspabi_srll_3
00009f0c   __mspabi_srll_4
00009f06   __mspabi_srll_5
00009f00   __mspabi_srll_6
00009efa   __mspabi_srll_7
00009ef4   __mspabi_srll_8
00009eee   __mspabi_srll_9
0000a01a   __mspabi_srlll
0000a15e   __mspabi_subd
00009e6c   _auto_init
0000a3b4   _c_int00
0000a3b4   _c_int00_noexit
000002fe   _lock
0000a4da   _nop
0000fffe   _reset_vector
000005b0   _stack
0000a4d2   _system_pre_init
00000300   _unlock
0000a4d6   abort
0000a3ce   adc_init
ffffffff   binit
000002f6   control
000002ea   differential
0000a262   feraiseexcept
0000a064   findEarFrequency
00008f18   fmod
000002da   frequencyMatch
0000a546   high_E
00000368   hundredDigit
000002f4   index
0000a448   init_port_interrupt
00009d94   init_sin
0000a126   init_spi
0000a40e   init_timerA_interrupt
0000a422   init_timerB_interrupt
00009c92   lcd_char
00009b80   lcd_command
0000a366   lcd_init
000002e0   left
000002e2   leftMiddle
0000a53c   low_E
000097de   main
0000a46c   memcpy
000002e4   middle
000002de   msCounter
000002ee   new_read
0000036a   oneDigit
000002ec   previous_read
0000970c   print_note
0000a232   raise
000002dc   readings
000002e8   right
000002e6   rightMiddle
00009638   show_scale
0000a1ca   signal
0000a4ae   sin
000002f2   spi_freq
0000036c   tenDigit
0000036e   uf_lcd_temp
000002f0   updateRead
00000304   waves
000002d8   zeroCrossing


GLOBAL SYMBOLS: SORTED BY Symbol Address 

address    name
--------   ----
00000000   IE1
00000001   IE2
00000001   __TI_args_main
00000001   __TI_exit
00000002   IFG1
00000003   IFG2
00000010   P3REN
00000011   P4REN
00000018   P3IN
00000019   P3OUT
0000001a   P3DIR
0000001b   P3SEL
0000001c   P4IN
0000001d   P4OUT
0000001e   P4DIR
0000001f   P4SEL
00000020   P1IN
00000021   P1OUT
00000022   P1DIR
00000023   P1IFG
00000024   P1IES
00000025   P1IE
00000026   P1SEL
00000027   P1REN
00000028   P2IN
00000029   P2OUT
0000002a   P2DIR
0000002b   P2IFG
0000002c   P2IES
0000002d   P2IE
0000002e   P2SEL
0000002f   P2REN
00000048   ADC10DTC0
00000049   ADC10DTC1
0000004a   ADC10AE0
0000004b   ADC10AE1
00000050   __STACK_SIZE
00000053   BCSCTL3
00000056   DCOCTL
00000057   BCSCTL1
00000058   BCSCTL2
0000005d   UCA0ABCTL
0000005e   UCA0IRTCTL
0000005f   UCA0IRRCTL
00000060   UCA0CTL0
00000061   UCA0CTL1
00000062   UCA0BR0
00000063   UCA0BR1
00000064   UCA0MCTL
00000065   UCA0STAT
00000066   UCA0RXBUF
00000067   UCA0TXBUF
00000068   UCB0CTL0
00000069   UCB0CTL1
0000006a   UCB0BR0
0000006b   UCB0BR1
0000006c   UCB0I2CIE
0000006d   UCB0STAT
0000006e   UCB0RXBUF
0000006f   UCB0TXBUF
000000c0   OA0CTL0
000000c1   OA0CTL1
000000c2   OA1CTL0
000000c3   OA1CTL1
00000118   UCB0I2COA
0000011a   UCB0I2CSA
0000011e   TBIV
00000120   WDTCTL
00000128   FCTL1
0000012a   FCTL2
0000012c   FCTL3
0000012e   TAIV
00000160   TACTL
00000162   TACCTL0
00000164   TACCTL1
00000166   TACCTL2
00000170   TAR
00000172   TACCR0
00000174   TACCR1
00000176   TACCR2
00000180   TBCTL
00000182   TBCCTL0
00000184   TBCCTL1
00000186   TBCCTL2
00000190   TBR
00000192   TBCCR0
00000194   TBCCR1
00000196   TBCCR2
000001b0   ADC10CTL0
000001b2   ADC10CTL1
000001b4   ADC10MEM
000001bc   ADC10SA
00000200   _Denorm
00000210   _Eps
00000220   _Hugeval
00000230   _Inf
00000240   _Nan
00000250   _Snan
00000260   _Rteps
00000270   _Xbig
00000278   _Zero
000002d8   zeroCrossing
000002da   frequencyMatch
000002dc   readings
000002de   msCounter
000002e0   left
000002e2   leftMiddle
000002e4   middle
000002e6   rightMiddle
000002e8   right
000002ea   differential
000002ec   previous_read
000002ee   new_read
000002f0   updateRead
000002f2   spi_freq
000002f4   index
000002f6   control
000002f8   _Fenv
000002fc   _Tls_setup__Fenv
000002fe   _lock
00000300   _unlock
00000302   _Errno
00000304   waves
00000368   hundredDigit
0000036a   oneDigit
0000036c   tenDigit
0000036e   uf_lcd_temp
000005b0   _stack
00000600   __STACK_END
000010f8   CALDCO_16MHZ
000010f9   CALBC1_16MHZ
000010fa   CALDCO_12MHZ
000010fb   CALBC1_12MHZ
000010fc   CALDCO_8MHZ
000010fd   CALBC1_8MHZ
000010fe   CALDCO_1MHZ
000010ff   CALBC1_1MHZ
00008000   _Sin
00008474   __TI_frcmpyd
0000876c   __mspabi_addd
00008a54   __TI_frcaddd
00008cc2   __mspabi_mpyd
00008f18   fmod
0000913c   _Dscale
000092ea   __mspabi_cmpd
00009422   _Dnorm
00009532   Timer_B
00009638   show_scale
0000970c   print_note
000097de   main
000098a0   __mspabi_mpyf
00009962   __TI_renormd
00009a22   __mspabi_fltlid
00009ad2   Timer_A
00009b80   lcd_command
00009c0a   __mspabi_fixdli
00009c92   lcd_char
00009d14   __mspabi_cvtfd
00009d94   init_sin
00009e6c   _auto_init
00009eca   __mspabi_srll_15
00009ed0   __mspabi_srll_14
00009ed6   __mspabi_srll_13
00009edc   __mspabi_srll_12
00009ee2   __mspabi_srll_11
00009ee8   __mspabi_srll_10
00009eee   __mspabi_srll_9
00009ef4   __mspabi_srll_8
00009efa   __mspabi_srll_7
00009f00   __mspabi_srll_6
00009f06   __mspabi_srll_5
00009f0c   __mspabi_srll_4
00009f12   __mspabi_srll_3
00009f18   __mspabi_srll_2
00009f1e   __mspabi_srll_1
00009f26   _Dtest
00009f7c   ADC10_ISR
00009fce   __mspabi_srli
00009fdc   __mspabi_srli_15
00009fe0   __mspabi_srli_14
00009fe4   __mspabi_srli_13
00009fe8   __mspabi_srli_12
00009fec   __mspabi_srli_11
00009ff0   __mspabi_srli_10
00009ff4   __mspabi_srli_9
00009ff8   __mspabi_srli_8
00009ffc   __mspabi_srli_7
0000a000   __mspabi_srli_6
0000a004   __mspabi_srli_5
0000a008   __mspabi_srli_4
0000a00c   __mspabi_srli_3
0000a010   __mspabi_srli_2
0000a014   __mspabi_srli_1
0000a01a   __mspabi_srlll
0000a064   findEarFrequency
0000a0aa   __mspabi_sral_15
0000a0ae   __mspabi_sral_14
0000a0b2   __mspabi_sral_13
0000a0b6   __mspabi_sral_12
0000a0ba   __mspabi_sral_11
0000a0be   __mspabi_sral_10
0000a0c2   __mspabi_sral_9
0000a0c6   __mspabi_sral_8
0000a0ca   __mspabi_sral_7
0000a0ce   __mspabi_sral_6
0000a0d2   __mspabi_sral_5
0000a0d6   __mspabi_sral_4
0000a0da   __mspabi_sral_3
0000a0de   __mspabi_sral_2
0000a0e2   __mspabi_sral_1
0000a0e8   __mspabi_slll_15
0000a0ec   __mspabi_slll_14
0000a0f0   __mspabi_slll_13
0000a0f4   __mspabi_slll_12
0000a0f8   __mspabi_slll_11
0000a0fc   __mspabi_slll_10
0000a100   __mspabi_slll_9
0000a104   __mspabi_slll_8
0000a108   __mspabi_slll_7
0000a10c   __mspabi_slll_6
0000a110   __mspabi_slll_5
0000a114   __mspabi_slll_4
0000a118   __mspabi_slll_3
0000a11c   __mspabi_slll_2
0000a120   __mspabi_slll_1
0000a126   init_spi
0000a15e   __mspabi_subd
0000a194   __mspabi_fltif
0000a1ca   signal
0000a200   _Feraise
0000a232   raise
0000a262   feraiseexcept
0000a290   __mspabi_srai
0000a29c   __mspabi_srai_15
0000a29e   __mspabi_srai_14
0000a2a0   __mspabi_srai_13
0000a2a2   __mspabi_srai_12
0000a2a4   __mspabi_srai_11
0000a2a6   __mspabi_srai_10
0000a2a8   __mspabi_srai_9
0000a2aa   __mspabi_srai_8
0000a2ac   __mspabi_srai_7
0000a2ae   __mspabi_srai_6
0000a2b0   __mspabi_srai_5
0000a2b2   __mspabi_srai_4
0000a2b4   __mspabi_srai_3
0000a2b6   __mspabi_srai_2
0000a2b8   __mspabi_srai_1
0000a2bc   __mspabi_divi
0000a2bc   __mspabi_remi
0000a2e8   __mspabi_slli
0000a2f4   __mspabi_slli_15
0000a2f6   __mspabi_slli_14
0000a2f8   __mspabi_slli_13
0000a2fa   __mspabi_slli_12
0000a2fc   __mspabi_slli_11
0000a2fe   __mspabi_slli_10
0000a300   __mspabi_slli_9
0000a302   __mspabi_slli_8
0000a304   __mspabi_slli_7
0000a306   __mspabi_slli_6
0000a308   __mspabi_slli_5
0000a30a   __mspabi_slli_4
0000a30c   __mspabi_slli_3
0000a30e   __mspabi_slli_2
0000a310   __mspabi_slli_1
0000a314   __mspabi_negd
0000a33e   __mspabi_fixdi
0000a366   lcd_init
0000a38e   __mspabi_mpyl
0000a3b4   _c_int00
0000a3b4   _c_int00_noexit
0000a3ce   adc_init
0000a3e4   __mspabi_divu
0000a3e4   __mspabi_remu
0000a3fa   __TI_zero_init
0000a40e   init_timerA_interrupt
0000a422   init_timerB_interrupt
0000a436   __TI_decompress_none
0000a448   init_port_interrupt
0000a45a   __mspabi_srll
0000a46c   memcpy
0000a47e   __mspabi_sral
0000a48e   __mspabi_slll
0000a49e   __mspabi_func_epilog_7
0000a4a0   __mspabi_func_epilog_6
0000a4a2   __mspabi_func_epilog_5
0000a4a4   __mspabi_func_epilog_4
0000a4a6   __mspabi_func_epilog_3
0000a4a8   __mspabi_func_epilog_2
0000a4aa   __mspabi_func_epilog_1
0000a4ae   sin
0000a4bc   Port_1
0000a4c6   __TI_ISR_TRAP
0000a4cc   __TI_decompress_rle24
0000a4d2   _system_pre_init
0000a4d6   C$$EXIT
0000a4d6   abort
0000a4da   _nop
0000a53c   low_E
0000a53e   A
0000a540   D
0000a542   G
0000a544   B
0000a546   high_E
0000a58a   __TI_Handler_Table_Base
0000a590   __TI_Handler_Table_Limit
0000a594   __TI_CINIT_Base
0000a59c   __TI_CINIT_Limit
0000ffe4   __TI_int02
0000ffe6   __TI_int03
0000ffea   __TI_int05
0000ffec   __TI_int06
0000ffee   __TI_int07
0000fff0   __TI_int08
0000fff2   __TI_int09
0000fff4   __TI_int10
0000fff8   __TI_int12
0000fffa   __TI_int13
0000fffc   __TI_int14
0000fffe   _reset_vector
ffffffff   __binit__
ffffffff   __c_args__
ffffffff   binit
UNDEFED    __TI_INITARRAY_Base
UNDEFED    __TI_INITARRAY_Limit

[326 symbols]
